Archive member included to satisfy reference by file (symbol)

Middlewares/ST/TouchGFX/touchgfx//lib/core/cortex_m7/gcc\libtouchgfx.a(AbstractPartition.o)
                              TouchGFX/build/STM32F746-DISCO/TouchGFX/target/BoardConfiguration.o (touchgfx::AbstractPartition::getAllocationCount() const)
Middlewares/ST/TouchGFX/touchgfx//lib/core/cortex_m7/gcc\libtouchgfx.a(Container.o)
                              TouchGFX/build/STM32F746-DISCO/TouchGFX/generated/gui_generated/src/main_screen/MainViewBase.o (touchgfx::Container::contains(touchgfx::Drawable const&))
Middlewares/ST/TouchGFX/touchgfx//lib/core/cortex_m7/gcc\libtouchgfx.a(HAL.o)
                              TouchGFX/build/STM32F746-DISCO/TouchGFX/target/STM32F7HAL.o (touchgfx::HAL::flushFrameBuffer())
Middlewares/ST/TouchGFX/touchgfx//lib/core/cortex_m7/gcc\libtouchgfx.a(DMA.o)
                              TouchGFX/build/STM32F746-DISCO/TouchGFX/target/STM32F7DMA.o (touchgfx::DMA_Interface::seedExecution())
Middlewares/ST/TouchGFX/touchgfx//lib/core/cortex_m7/gcc\libtouchgfx.a(TextArea.o)
                              TouchGFX/build/STM32F746-DISCO/TouchGFX/gui/src/main_screen/MainView.o (touchgfx::TextArea::setTypedText(touchgfx::TypedText))
Middlewares/ST/TouchGFX/touchgfx//lib/core/cortex_m7/gcc\libtouchgfx.a(Box.o)
                              TouchGFX/build/STM32F746-DISCO/TouchGFX/generated/gui_generated/src/main_screen/MainViewBase.o (vtable for touchgfx::Box)
Middlewares/ST/TouchGFX/touchgfx//lib/core/cortex_m7/gcc\libtouchgfx.a(TextAreaWithWildcard.o)
                              TouchGFX/build/STM32F746-DISCO/TouchGFX/generated/gui_generated/src/main_screen/MainViewBase.o (touchgfx::TextAreaWithWildcardBase::calculateTextHeight(unsigned short const*, ...) const)
Middlewares/ST/TouchGFX/touchgfx//lib/core/cortex_m7/gcc\libtouchgfx.a(BoxWithBorder.o)
                              TouchGFX/build/STM32F746-DISCO/TouchGFX/generated/gui_generated/src/main_screen/MainViewBase.o (vtable for touchgfx::BoxWithBorder)
Middlewares/ST/TouchGFX/touchgfx//lib/core/cortex_m7/gcc\libtouchgfx.a(Image.o)
                              TouchGFX/build/STM32F746-DISCO/TouchGFX/gui/src/main_screen/MainView.o (touchgfx::Image::setBitmap(touchgfx::Bitmap const&))
Middlewares/ST/TouchGFX/touchgfx//lib/core/cortex_m7/gcc\libtouchgfx.a(LCD.o)
                              TouchGFX/build/STM32F746-DISCO/TouchGFX/generated/gui_generated/src/main_screen/MainViewBase.o (touchgfx::LCD::drawString(touchgfx::Rect, touchgfx::Rect const&, touchgfx::LCD::StringVisuals&, unsigned short const*, ...))
Middlewares/ST/TouchGFX/touchgfx//lib/core/cortex_m7/gcc\libtouchgfx.a(TouchCalibration.o)
                              Middlewares/ST/TouchGFX/touchgfx//lib/core/cortex_m7/gcc\libtouchgfx.a(HAL.o) (touchgfx::TouchCalibration::translatePoint(touchgfx::Point&))
Middlewares/ST/TouchGFX/touchgfx//lib/core/cortex_m7/gcc\libtouchgfx.a(DisplayTransformation.o)
                              Middlewares/ST/TouchGFX/touchgfx//lib/core/cortex_m7/gcc\libtouchgfx.a(HAL.o) (touchgfx::DisplayTransformation::transformFrameBufferToDisplay(short&, short&))
Middlewares/ST/TouchGFX/touchgfx//lib/core/cortex_m7/gcc\libtouchgfx.a(Application.o)
                              TouchGFX/build/STM32F746-DISCO/TouchGFX/gui/src/common/FrontendApplication.o (touchgfx::Application::handleClickEvent(touchgfx::ClickEvent const&))
Middlewares/ST/TouchGFX/touchgfx//lib/core/cortex_m7/gcc\libtouchgfx.a(TypedText.o)
                              TouchGFX/build/STM32F746-DISCO/TouchGFX/generated/gui_generated/src/main_screen/MainViewBase.o (touchgfx::TypedText::numberOfTypedTexts)
Middlewares/ST/TouchGFX/touchgfx//lib/core/cortex_m7/gcc\libtouchgfx.a(Font.o)
                              TouchGFX/build/STM32F746-DISCO/TouchGFX/generated/texts/src/Texts.o (touchgfx::Font::getStringWidthLTR(unsigned char, unsigned short const*, std::__va_list) const)
Middlewares/ST/TouchGFX/touchgfx//lib/core/cortex_m7/gcc\libtouchgfx.a(Drawable.o)
                              TouchGFX/build/STM32F746-DISCO/TouchGFX/gui/src/main_screen/MainView.o (touchgfx::Drawable::invalidate() const)
Middlewares/ST/TouchGFX/touchgfx//lib/core/cortex_m7/gcc\libtouchgfx.a(Utils.o)
                              Middlewares/ST/TouchGFX/touchgfx//lib/core/cortex_m7/gcc\libtouchgfx.a(TouchCalibration.o) (touchgfx::memset(void*, unsigned char, unsigned long))
Middlewares/ST/TouchGFX/touchgfx//lib/core/cortex_m7/gcc\libtouchgfx.a(Screen.o)
                              TouchGFX/build/STM32F746-DISCO/TouchGFX/gui/src/main_screen/MainView.o (touchgfx::Screen::handleGestureEvent(touchgfx::GestureEvent const&))
Middlewares/ST/TouchGFX/touchgfx//lib/core/cortex_m7/gcc\libtouchgfx.a(InternalFlashFont.o)
[...]
Memory Configuration

Name             Origin             Length             Attributes
RAM              0x20000000         0x00050000         xrw
FLASH            0x08000000         0x00100000         xr
QUADSPI          0x90000000         0x01000000         r
*default*        0x00000000         0xffffffff

Linker script and memory map

LOAD c:/touchgfx/4.10.0/env/mingw/msys/1.0/gnu-arm-gcc/bin/../lib/gcc/arm-none-eabi/6.3.1/thumb/v7e-m/fpv5-sp/softfp/crti.o
LOAD c:/touchgfx/4.10.0/env/mingw/msys/1.0/gnu-arm-gcc/bin/../lib/gcc/arm-none-eabi/6.3.1/thumb/v7e-m/fpv5-sp/softfp/crtbegin.o
LOAD c:/touchgfx/4.10.0/env/mingw/msys/1.0/gnu-arm-gcc/bin/../lib/gcc/arm-none-eabi/6.3.1/../../../../arm-none-eabi/lib/thumb/v7e-m/fpv5-sp/softfp/crt0.o
LOAD TouchGFX/build/STM32F746-DISCO/TouchGFX/gui/src/main_screen/MainPresenter.o
LOAD TouchGFX/build/STM32F746-DISCO/TouchGFX/gui/src/main_screen/MainView.o
LOAD TouchGFX/build/STM32F746-DISCO/TouchGFX/gui/src/model/Model.o
LOAD TouchGFX/build/STM32F746-DISCO/TouchGFX/gui/src/common/FrontendApplication.o
LOAD TouchGFX/build/STM32F746-DISCO/TouchGFX/generated/gui_generated/src/main_screen/MainViewBase.o
LOAD TouchGFX/build/STM32F746-DISCO/TouchGFX/generated/gui_generated/src/common/FrontendApplicationBase.o
LOAD TouchGFX/build/STM32F746-DISCO/TouchGFX/generated/fonts/src/Font_Asap_Regular_15_4bpp.o
LOAD TouchGFX/build/STM32F746-DISCO/TouchGFX/generated/fonts/src/Kerning_Asap_Regular_15_4bpp.o
LOAD TouchGFX/build/STM32F746-DISCO/TouchGFX/generated/fonts/src/Font_Asap_Regular_27_4bpp.o
LOAD TouchGFX/build/STM32F746-DISCO/TouchGFX/generated/fonts/src/FontGetters.o
LOAD TouchGFX/build/STM32F746-DISCO/TouchGFX/generated/fonts/src/Table_Asap_Regular_80_4bpp.o
LOAD TouchGFX/build/STM32F746-DISCO/TouchGFX/generated/fonts/src/Kerning_Asap_Regular_27_4bpp.o
LOAD TouchGFX/build/STM32F746-DISCO/TouchGFX/generated/fonts/src/Table_Asap_Regular_15_4bpp.o
LOAD TouchGFX/build/STM32F746-DISCO/TouchGFX/generated/fonts/src/Font_Asap_Regular_80_4bpp.o
LOAD TouchGFX/build/STM32F746-DISCO/TouchGFX/generated/fonts/src/Table_Asap_Regular_27_4bpp.o
LOAD TouchGFX/build/STM32F746-DISCO/TouchGFX/generated/fonts/src/Kerning_Asap_Regular_80_4bpp.o
LOAD TouchGFX/build/STM32F746-DISCO/TouchGFX/generated/fonts/src/ApplicationFontProvider.o
LOAD TouchGFX/build/STM32F746-DISCO/TouchGFX/generated/images/src/counter_box.o
LOAD TouchGFX/build/STM32F746-DISCO/TouchGFX/generated/images/src/orange_arrow_up.o
LOAD TouchGFX/build/STM32F746-DISCO/TouchGFX/generated/images/src/black_arrow.o
LOAD TouchGFX/build/STM32F746-DISCO/TouchGFX/generated/images/src/BitmapDatabase.o
LOAD TouchGFX/build/STM32F746-DISCO/TouchGFX/generated/images/src/btn_long_pressed.o
LOAD TouchGFX/build/STM32F746-DISCO/TouchGFX/generated/images/src/small_btn.o
LOAD TouchGFX/build/STM32F746-DISCO/TouchGFX/generated/images/src/bg.o
LOAD TouchGFX/build/STM32F746-DISCO/TouchGFX/generated/images/src/orange_arrow.o
LOAD TouchGFX/build/STM32F746-DISCO/TouchGFX/generated/images/src/small_btn_disable.o
LOAD TouchGFX/build/STM32F746-DISCO/TouchGFX/generated/images/src/btn_long.o
LOAD TouchGFX/build/STM32F746-DISCO/TouchGFX/generated/images/src/black_arrow_up.o
LOAD TouchGFX/build/STM32F746-DISCO/TouchGFX/generated/images/src/small_btn_pressed.o
LOAD TouchGFX/build/STM32F746-DISCO/TouchGFX/generated/texts/src/LanguageGb.o
LOAD TouchGFX/build/STM32F746-DISCO/TouchGFX/generated/texts/src/TypedTextDatabase.o
LOAD TouchGFX/build/STM32F746-DISCO/TouchGFX/generated/texts/src/Texts.o
LOAD TouchGFX/build/STM32F746-DISCO/touchgfx/os/OSWrappers.o
LOAD TouchGFX/build/STM32F746-DISCO/Core/Src/main.o
LOAD TouchGFX/build/STM32F746-DISCO/TouchGFX/target/STM32F7Instrumentation.o
LOAD TouchGFX/build/STM32F746-DISCO/TouchGFX/target/STM32F7TouchController.o
LOAD TouchGFX/build/STM32F746-DISCO/TouchGFX/target/STM32F7DMA.o
LOAD TouchGFX/build/STM32F746-DISCO/TouchGFX/target/STM32F7HAL.o
LOAD TouchGFX/build/STM32F746-DISCO/TouchGFX/target/GPIO.o
LOAD TouchGFX/build/STM32F746-DISCO/TouchGFX/target/HW_Init.o
LOAD TouchGFX/build/STM32F746-DISCO/TouchGFX/target/BoardConfiguration.o
LOAD TouchGFX/build/STM32F746-DISCO/Middlewares/Third_Party/FreeRTOS/Source/croutine.o
LOAD TouchGFX/build/STM32F746-DISCO/Middlewares/Third_Party/FreeRTOS/Source/list.o
LOAD TouchGFX/build/STM32F746-DISCO/Middlewares/Third_Party/FreeRTOS/Source/queue.o
LOAD TouchGFX/build/STM32F746-DISCO/Middlewares/Third_Party/FreeRTOS/Source/tasks.o
LOAD TouchGFX/build/STM32F746-DISCO/Middlewares/Third_Party/FreeRTOS/Source/timers.o
LOAD TouchGFX/build/STM32F746-DISCO/Middlewares/Third_Party/FreeRTOS/Source/portable/MemMang/heap_2.o
LOAD TouchGFX/build/STM32F746-DISCO/Middlewares/Third_Party/FreeRTOS/Source/portable/GCC/ARM_CM7/r0p1/port.o
LOAD TouchGFX/build/STM32F746-DISCO/Drivers/BSP/STM32746G-Discovery/stm32746g_discovery.o
LOAD TouchGFX/build/STM32F746-DISCO/Drivers/BSP/STM32746G-Discovery/stm32746g_discovery_sdram.o
LOAD TouchGFX/build/STM32F746-DISCO/Drivers/BSP/STM32746G-Discovery/stm32746g_discovery_ts.o
LOAD TouchGFX/build/STM32F746-DISCO/Drivers/BSP/STM32746G-Discovery/stm32746g_discovery_qspi.o
LOAD TouchGFX/build/STM32F746-DISCO/Drivers/BSP/Components/ft5336/ft5336.o
LOAD TouchGFX/build/STM32F746-DISCO/Drivers/STM32F7xx_HAL_Driver/Src/stm32f7xx_hal.o
LOAD TouchGFX/build/STM32F746-DISCO/Drivers/STM32F7xx_HAL_Driver/Src/stm32f7xx_hal_cortex.o
LOAD TouchGFX/build/STM32F746-DISCO/Drivers/STM32F7xx_HAL_Driver/Src/stm32f7xx_hal_dma.o
LOAD TouchGFX/build/STM32F746-DISCO/Drivers/STM32F7xx_HAL_Driver/Src/stm32f7xx_hal_dma2d.o
LOAD TouchGFX/build/STM32F746-DISCO/Drivers/STM32F7xx_HAL_Driver/Src/stm32f7xx_hal_dma_ex.o
LOAD TouchGFX/build/STM32F746-DISCO/Drivers/STM32F7xx_HAL_Driver/Src/stm32f7xx_hal_gpio.o
LOAD TouchGFX/build/STM32F746-DISCO/Drivers/STM32F7xx_HAL_Driver/Src/stm32f7xx_hal_i2c.o
LOAD TouchGFX/build/STM32F746-DISCO/Drivers/STM32F7xx_HAL_Driver/Src/stm32f7xx_hal_i2c_ex.o
LOAD TouchGFX/build/STM32F746-DISCO/Drivers/STM32F7xx_HAL_Driver/Src/stm32f7xx_hal_ltdc.o
LOAD TouchGFX/build/STM32F746-DISCO/Drivers/STM32F7xx_HAL_Driver/Src/stm32f7xx_hal_nor.o
LOAD TouchGFX/build/STM32F746-DISCO/Drivers/STM32F7xx_HAL_Driver/Src/stm32f7xx_hal_pwr_ex.o
LOAD TouchGFX/build/STM32F746-DISCO/Drivers/STM32F7xx_HAL_Driver/Src/stm32f7xx_hal_rcc.o
LOAD TouchGFX/build/STM32F746-DISCO/Drivers/STM32F7xx_HAL_Driver/Src/stm32f7xx_hal_rcc_ex.o
LOAD TouchGFX/build/STM32F746-DISCO/Drivers/STM32F7xx_HAL_Driver/Src/stm32f7xx_hal_sdram.o
LOAD TouchGFX/build/STM32F746-DISCO/Drivers/STM32F7xx_HAL_Driver/Src/stm32f7xx_hal_sd.o
LOAD TouchGFX/build/STM32F746-DISCO/Drivers/STM32F7xx_HAL_Driver/Src/stm32f7xx_hal_tim.o
LOAD TouchGFX/build/STM32F746-DISCO/Drivers/STM32F7xx_HAL_Driver/Src/stm32f7xx_hal_tim_ex.o
LOAD TouchGFX/build/STM32F746-DISCO/Drivers/STM32F7xx_HAL_Driver/Src/stm32f7xx_hal_qspi.o
LOAD TouchGFX/build/STM32F746-DISCO/Drivers/STM32F7xx_HAL_Driver/Src/stm32f7xx_hal_pwr.o
LOAD TouchGFX/build/STM32F746-DISCO/Drivers/STM32F7xx_HAL_Driver/Src/stm32f7xx_hal_crc.o
LOAD TouchGFX/build/STM32F746-DISCO/Drivers/STM32F7xx_HAL_Driver/Src/stm32f7xx_hal_crc_ex.o
LOAD TouchGFX/build/STM32F746-DISCO/Drivers/STM32F7xx_HAL_Driver/Src/stm32f7xx_hal_rtc.o
LOAD TouchGFX/build/STM32F746-DISCO/Drivers/STM32F7xx_HAL_Driver/Src/stm32f7xx_hal_rtc_ex.o
LOAD TouchGFX/build/STM32F746-DISCO/Drivers/STM32F7xx_HAL_Driver/Src/stm32f7xx_hal_uart.o
LOAD TouchGFX/build/STM32F746-DISCO/Drivers/STM32F7xx_HAL_Driver/Src/stm32f7xx_ll_fmc.o
LOAD TouchGFX/build/STM32F746-DISCO/Drivers/STM32F7xx_HAL_Driver/Src/stm32f7xx_ll_sdmmc.o
LOAD TouchGFX/build/STM32F746-DISCO/Core/Src/system_stm32f7xx.o
LOAD TouchGFX/build/STM32F746-DISCO/Core/Src/freertos.o
LOAD TouchGFX/build/STM32F746-DISCO/Core/Src/stm32f7xx_hal_msp.o
LOAD TouchGFX/build/STM32F746-DISCO/Core/Src/stm32f7xx_hal_timebase_tim.o
LOAD TouchGFX/build/STM32F746-DISCO/Core/Src/stm32f7xx_it.o
LOAD TouchGFX/build/STM32F746-DISCO/Middlewares/Third_Party/FreeRTOS/Source/CMSIS_RTOS/cmsis_os.o
LOAD TouchGFX/build/STM32F746-DISCO/Drivers/Console/src/sprintf.o
LOAD TouchGFX/build/STM32F746-DISCO/Middlewares/Third_Party/FatFs/src/diskio.o
LOAD TouchGFX/build/STM32F746-DISCO/Middlewares/Third_Party/FatFs/src/ff.o
LOAD TouchGFX/build/STM32F746-DISCO/Middlewares/Third_Party/FatFs/src/ff_gen_drv.o
LOAD TouchGFX/build/STM32F746-DISCO/Middlewares/Third_Party/FatFs/src/option/syscall.o
LOAD TouchGFX/build/STM32F746-DISCO/Middlewares/Third_Party/FatFs/src/option/unicode.o
LOAD TouchGFX/build/STM32F746-DISCO/FATFS/Target/bsp_driver_sd.o
LOAD TouchGFX/build/STM32F746-DISCO/FATFS/Target/fatfs_platform.o
LOAD TouchGFX/build/STM32F746-DISCO/FATFS/Target/sd_diskio.o
LOAD TouchGFX/build/STM32F746-DISCO/FATFS/App/fatfs.o
LOAD TouchGFX/build/STM32F746-DISCO/Drivers/CMSIS/Device/ST/STM32F7xx/Source/Templates/gcc/startup_stm32f746xx.o
START GROUP
LOAD Middlewares/ST/TouchGFX/touchgfx//lib/core/cortex_m7/gcc\libtouchgfx.a
END GROUP
LOAD c:/touchgfx/4.10.0/env/mingw/msys/1.0/gnu-arm-gcc/bin/../lib/gcc/arm-none-eabi/6.3.1/../../../../arm-none-eabi/lib/thumb/v7e-m/fpv5-sp/softfp\libstdc++.a
LOAD c:/touchgfx/4.10.0/env/mingw/msys/1.0/gnu-arm-gcc/bin/../lib/gcc/arm-none-eabi/6.3.1/../../../../arm-none-eabi/lib/thumb/v7e-m/fpv5-sp/softfp\libm.a
START GROUP
LOAD c:/touchgfx/4.10.0/env/mingw/msys/1.0/gnu-arm-gcc/bin/../lib/gcc/arm-none-eabi/6.3.1/thumb/v7e-m/fpv5-sp/softfp\libgcc.a
LOAD c:/touchgfx/4.10.0/env/mingw/msys/1.0/gnu-arm-gcc/bin/../lib/gcc/arm-none-eabi/6.3.1/../../../../arm-none-eabi/lib/thumb/v7e-m/fpv5-sp/softfp\libg.a
LOAD c:/touchgfx/4.10.0/env/mingw/msys/1.0/gnu-arm-gcc/bin/../lib/gcc/arm-none-eabi/6.3.1/../../../../arm-none-eabi/lib/thumb/v7e-m/fpv5-sp/softfp\libc.a
END GROUP
START GROUP
LOAD c:/touchgfx/4.10.0/env/mingw/msys/1.0/gnu-arm-gcc/bin/../lib/gcc/arm-none-eabi/6.3.1/thumb/v7e-m/fpv5-sp/softfp\libgcc.a
LOAD c:/touchgfx/4.10.0/env/mingw/msys/1.0/gnu-arm-gcc/bin/../lib/gcc/arm-none-eabi/6.3.1/../../../../arm-none-eabi/lib/thumb/v7e-m/fpv5-sp/softfp\libc.a
LOAD c:/touchgfx/4.10.0/env/mingw/msys/1.0/gnu-arm-gcc/bin/../lib/gcc/arm-none-eabi/6.3.1/../../../../arm-none-eabi/lib/thumb/v7e-m/fpv5-sp/softfp\libnosys.a
END GROUP
LOAD c:/touchgfx/4.10.0/env/mingw/msys/1.0/gnu-arm-gcc/bin/../lib/gcc/arm-none-eabi/6.3.1/thumb/v7e-m/fpv5-sp/softfp/crtend.o
LOAD c:/touchgfx/4.10.0/env/mingw/msys/1.0/gnu-arm-gcc/bin/../lib/gcc/arm-none-eabi/6.3.1/thumb/v7e-m/fpv5-sp/softfp/crtn.o
                0x20050000                _estack = 0x20050000
                0x00000200                _Min_Heap_Size = 0x200
                0x00000400                _Min_Stack_Size = 0x400

.isr_vector     0x08000000      0x1c8
                0x08000000                . = ALIGN (0x4)
 *(.isr_vector)
 .isr_vector    0x08000000      0x1c8 TouchGFX/build/STM32F746-DISCO/Drivers/CMSIS/Device/ST/STM32F7xx/Source/Templates/gcc/startup_stm32f746xx.o
                0x08000000                g_pfnVectors
                0x080001c8                . = ALIGN (0x4)

.text           0x08000200    0x20970
                0x08000200                . = ALIGN (0x4)
 *(.text)
 .text          0x08000200       0x6c c:/touchgfx/4.10.0/env/mingw/msys/1.0/gnu-arm-gcc/bin/../lib/gcc/arm-none-eabi/6.3.1/thumb/v7e-m/fpv5-sp/softfp/crtbegin.o
 .text          0x0800026c     0x66a8 c:/touchgfx/4.10.0/env/mingw/msys/1.0/gnu-arm-gcc/bin/../lib/gcc/arm-none-eabi/6.3.1/../../../../arm-none-eabi/lib/thumb/v7e-m/fpv5-sp/softfp\libstdc++.a(cp-demangle.o)
                0x08006838                __cxa_demangle
                0x080068f0                __gcclibcxx_demangle_callback
 .text          0x08006914       0x30 c:/touchgfx/4.10.0/env/mingw/msys/1.0/gnu-arm-gcc/bin/../lib/gcc/arm-none-eabi/6.3.1/thumb/v7e-m/fpv5-sp/softfp\libgcc.a(_aeabi_uldivmod.o)
                0x08006914                __aeabi_uldivmod
 .text          0x08006944      0x2dc c:/touchgfx/4.10.0/env/mingw/msys/1.0/gnu-arm-gcc/bin/../lib/gcc/arm-none-eabi/6.3.1/thumb/v7e-m/fpv5-sp/softfp\libgcc.a(_udivmoddi4.o)
                0x08006944                __udivmoddi4
 .text          0x08006c20      0x9cc c:/touchgfx/4.10.0/env/mingw/msys/1.0/gnu-arm-gcc/bin/../lib/gcc/arm-none-eabi/6.3.1/thumb/v7e-m/fpv5-sp/softfp\libgcc.a(unwind-arm.o)
                0x08006ee0                _Unwind_GetCFA
                0x08006ee4                __gnu_Unwind_RaiseException
                0x08006f44                __gnu_Unwind_ForcedUnwind
                0x08006f58                __gnu_Unwind_Resume
                0x08006f9c                __gnu_Unwind_Resume_or_Rethrow
                0x08006fac                _Unwind_Complete
                0x08006fb0                _Unwind_DeleteException
                0x08006fbc                _Unwind_VRS_Get
                0x08007008                _Unwind_VRS_Set
                0x08007058                __gnu_Unwind_Backtrace
                0x08007398                __aeabi_unwind_cpp_pr0
                0x0800739c                __aeabi_unwind_cpp_pr1
                0x080073a0                __aeabi_unwind_cpp_pr2
                0x080073a4                _Unwind_VRS_Pop
 .text          0x080075ec      0x1ac c:/touchgfx/4.10.0/env/mingw/msys/1.0/gnu-arm-gcc/bin/../lib/gcc/arm-none-eabi/6.3.1/thumb/v7e-m/fpv5-sp/softfp\libgcc.a(libunwind.o)
                0x080075ec                __restore_core_regs
                0x080075ec                restore_core_regs
                0x08007604                __gnu_Unwind_Restore_VFP
                0x0800760c                __gnu_Unwind_Save_VFP
                0x08007614                __gnu_Unwind_Restore_VFP_D
                0x0800761c                __gnu_Unwind_Save_VFP_D
                0x08007624                __gnu_Unwind_Restore_VFP_D_16_to_31
                0x0800762c                __gnu_Unwind_Save_VFP_D_16_to_31
                0x08007634                __gnu_Unwind_Restore_WMMXD
                0x08007678                __gnu_Unwind_Save_WMMXD
                0x080076bc                __gnu_Unwind_Restore_WMMXC
                0x080076d0                __gnu_Unwind_Save_WMMXC
                0x080076e4                ___Unwind_RaiseException
                0x080076e4                _Unwind_RaiseException
                0x08007708                _Unwind_Resume
                0x08007708                ___Unwind_Resume
                0x0800772c                _Unwind_Resume_or_Rethrow
                0x0800772c                ___Unwind_Resume_or_Rethrow
                0x08007750                _Unwind_ForcedUnwind
                0x08007750                ___Unwind_ForcedUnwind
                0x08007774                ___Unwind_Backtrace
                0x08007774                _Unwind_Backtrace
 .text          0x08007798      0x380 c:/touchgfx/4.10.0/env/mingw/msys/1.0/gnu-arm-gcc/bin/../lib/gcc/arm-none-eabi/6.3.1/thumb/v7e-m/fpv5-sp/softfp\libgcc.a(pr-support.o)
                0x080077f0                __gnu_unwind_execute
                0x08007ac0                __gnu_unwind_frame
                0x08007ae8                _Unwind_GetRegionStart
                0x08007af4                _Unwind_GetLanguageSpecificData
                0x08007b08                _Unwind_GetTextRelBase
                0x08007b10                _Unwind_GetDataRelBase
 .text          0x08007b18        0x4 c:/touchgfx/4.10.0/env/mingw/msys/1.0/gnu-arm-gcc/bin/../lib/gcc/arm-none-eabi/6.3.1/thumb/v7e-m/fpv5-sp/softfp\libgcc.a(_dvmd_tls.o)
                0x08007b18                __aeabi_idiv0
                0x08007b18                __aeabi_ldiv0
 *fill*         0x08007b1c        0x4 
 .text          0x08007b20       0xa0 c:/touchgfx/4.10.0/env/mingw/msys/1.0/gnu-arm-gcc/bin/../lib/gcc/arm-none-eabi/6.3.1/../../../../arm-none-eabi/lib/thumb/v7e-m/fpv5-sp/softfp\libg.a(lib_a-memchr.o)
                0x08007b20                memchr
 .text          0x08007bc0      0x134 c:/touchgfx/4.10.0/env/mingw/msys/1.0/gnu-arm-gcc/bin/../lib/gcc/arm-none-eabi/6.3.1/../../../../arm-none-eabi/lib/thumb/v7e-m/fpv5-sp/softfp\libg.a(lib_a-memcpy.o)
                0x08007bc0                memcpy
 *fill*         0x08007cf4        0xc 
 .text          0x08007d00      0x2dc c:/touchgfx/4.10.0/env/mingw/msys/1.0/gnu-arm-gcc/bin/../lib/gcc/arm-none-eabi/6.3.1/../../../../arm-none-eabi/lib/thumb/v7e-m/fpv5-sp/softfp\libg.a(lib_a-strcmp.o)
                0x08007d08                strcmp
 *fill*         0x08007fdc       0x24 
 .text          0x08008000       0xdc c:/touchgfx/4.10.0/env/mingw/msys/1.0/gnu-arm-gcc/bin/../lib/gcc/arm-none-eabi/6.3.1/../../../../arm-none-eabi/lib/thumb/v7e-m/fpv5-sp/softfp\libg.a(lib_a-strlen.o)
                0x08008000                strlen
 .text          0x080080dc      0x370 c:/touchgfx/4.10.0/env/mingw/msys/1.0/gnu-arm-gcc/bin/../lib/gcc/arm-none-eabi/6.3.1/thumb/v7e-m/fpv5-sp/softfp\libgcc.a(_arm_addsubdf3.o)
                0x080080dc                __aeabi_drsub
                0x080080e4                __aeabi_dsub
                0x080080e4                __subdf3
                0x080080e8                __aeabi_dadd
                0x080080e8                __adddf3
                0x08008360                __floatunsidf
                0x08008360                __aeabi_ui2d
                0x08008380                __floatsidf
                0x08008380                __aeabi_i2d
                0x080083a4                __aeabi_f2d
                0x080083a4                __extendsfdf2
                0x080083e0                __floatundidf
                0x080083e0                __aeabi_ul2d
                0x080083f0                __floatdidf
                0x080083f0                __aeabi_l2d
 .text          0x0800844c      0x424 c:/touchgfx/4.10.0/env/mingw/msys/1.0/gnu-arm-gcc/bin/../lib/gcc/arm-none-eabi/6.3.1/thumb/v7e-m/fpv5-sp/softfp\libgcc.a(_arm_muldivdf3.o)
                0x0800844c                __aeabi_dmul
                0x0800844c                __muldf3
                0x080086a0                __divdf3
                0x080086a0                __aeabi_ddiv
 .text          0x08008870      0x110 c:/touchgfx/4.10.0/env/mingw/msys/1.0/gnu-arm-gcc/bin/../lib/gcc/arm-none-eabi/6.3.1/thumb/v7e-m/fpv5-sp/softfp\libgcc.a(_arm_cmpdf2.o)
                0x08008870                __gtdf2
                0x08008870                __gedf2
                0x08008878                __ltdf2
                0x08008878                __ledf2
                0x08008880                __nedf2
                0x08008880                __eqdf2
                0x08008880                __cmpdf2
                0x080088fc                __aeabi_cdrcmple
                0x0800890c                __aeabi_cdcmpeq
                0x0800890c                __aeabi_cdcmple
                0x0800891c                __aeabi_dcmpeq
                0x08008930                __aeabi_dcmplt
                0x08008944                __aeabi_dcmple
                0x08008958                __aeabi_dcmpge
                0x0800896c                __aeabi_dcmpgt
 .text          0x08008980       0x2c c:/touchgfx/4.10.0/env/mingw/msys/1.0/gnu-arm-gcc/bin/../lib/gcc/arm-none-eabi/6.3.1/thumb/v7e-m/fpv5-sp/softfp\libgcc.a(_arm_unorddf2.o)
                0x08008980                __unorddf2
                0x08008980                __aeabi_dcmpun
 .text          0x080089ac       0x50 c:/touchgfx/4.10.0/env/mingw/msys/1.0/gnu-arm-gcc/bin/../lib/gcc/arm-none-eabi/6.3.1/thumb/v7e-m/fpv5-sp/softfp\libgcc.a(_arm_fixdfsi.o)
                0x080089ac                __aeabi_d2iz
                0x080089ac                __fixdfsi
 *(.text*)
 .text._ZN13MainPresenterD2Ev
                0x080089fc        0x8 TouchGFX/build/STM32F746-DISCO/TouchGFX/gui/src/main_screen/MainPresenter.o
                0x080089fc                MainPresenter::~MainPresenter()
                0x080089fc                MainPresenter::~MainPresenter()
                0x080089fe                non-virtual thunk to MainPresenter::~MainPresenter()
 .text._ZN13MainPresenter10deactivateEv
                0x08008a04        0x2 TouchGFX/build/STM32F746-DISCO/TouchGFX/gui/src/main_screen/MainPresenter.o
                0x08008a04                MainPresenter::activate()
                0x08008a04                MainPresenter::deactivate()
 .text._ZN13MainPresenter17m2p_ButtonPressedEv
                0x08008a06        0x8 TouchGFX/build/STM32F746-DISCO/TouchGFX/gui/src/main_screen/MainPresenter.o
                0x08008a06                MainPresenter::m2p_ButtonPressed()
 .text._ZThn4_N13MainPresenter17m2p_ButtonPressedEv
                0x08008a0e        0x8 TouchGFX/build/STM32F746-DISCO/TouchGFX/gui/src/main_screen/MainPresenter.o
                0x08008a0e                non-virtual thunk to MainPresenter::m2p_ButtonPressed()
 .text._ZN13MainPresenterD0Ev
                0x08008a16       0x14 TouchGFX/build/STM32F746-DISCO/TouchGFX/gui/src/main_screen/MainPresenter.o
                0x08008a16                MainPresenter::~MainPresenter()
                0x08008a24                non-virtual thunk to MainPresenter::~MainPresenter()
 *fill*         0x08008a2a        0x2 
 .text._ZN13MainPresenterC2ER8MainView
                0x08008a2c       0x1c TouchGFX/build/STM32F746-DISCO/TouchGFX/gui/src/main_screen/MainPresenter.o
                0x08008a2c                MainPresenter::MainPresenter(MainView&)
                0x08008a2c                MainPresenter::MainPresenter(MainView&)
 .text._ZN13MainPresenter15v2p_SetLEDStateEb
                0x08008a48        0x6 TouchGFX/build/STM32F746-DISCO/TouchGFX/gui/src/main_screen/MainPresenter.o
                0x08008a48                MainPresenter::v2p_SetLEDState(bool)
 .text._ZN8touchgfx6Screen15afterTransitionEv
                0x08008a4e        0x2 TouchGFX/build/STM32F746-DISCO/TouchGFX/gui/src/main_screen/MainView.o
                0x08008a4e                touchgfx::Screen::afterTransition()
 .text._ZN8touchgfx6Screen15handleTickEventEv
                0x08008a50        0x2 TouchGFX/build/STM32F746-DISCO/TouchGFX/gui/src/main_screen/MainView.o
                0x08008a50                touchgfx::Screen::handleTickEvent()
 .text._ZN8touchgfx6Screen14handleKeyEventEh
                0x08008a52        0x2 TouchGFX/build/STM32F746-DISCO/TouchGFX/gui/src/main_screen/MainView.o
                0x08008a52                touchgfx::Screen::handleKeyEvent(unsigned char)
 .text._ZN8MainViewD2Ev
                0x08008a54        0x2 TouchGFX/build/STM32F746-DISCO/TouchGFX/gui/src/main_screen/MainView.o
                0x08008a54                MainView::~MainView()
                0x08008a54                MainView::~MainView()
 .text._ZN8MainView14tearDownScreenEv
                0x08008a56        0x2 TouchGFX/build/STM32F746-DISCO/TouchGFX/gui/src/main_screen/MainView.o
                0x08008a56                MainView::setupScreen()
                0x08008a56                MainView::tearDownScreen()
 .text._ZN8MainView16ledButtonPressedEv
                0x08008a58       0x1a TouchGFX/build/STM32F746-DISCO/TouchGFX/gui/src/main_screen/MainView.o
                0x08008a58                MainView::ledButtonPressed()
 .text._ZN8MainViewD0Ev
                0x08008a72       0x10 TouchGFX/build/STM32F746-DISCO/TouchGFX/gui/src/main_screen/MainView.o
                0x08008a72                MainView::~MainView()
 .text._ZN8MainView19toggleButtonPressedEv
                0x08008a82       0x6c TouchGFX/build/STM32F746-DISCO/TouchGFX/gui/src/main_screen/MainView.o
                0x08008a82                MainView::toggleButtonPressed()
 *fill*         0x08008aee        0x2 
 .text._ZN8MainViewC2Ev
                0x08008af0       0x3c TouchGFX/build/STM32F746-DISCO/TouchGFX/gui/src/main_screen/MainView.o
                0x08008af0                MainView::MainView()
                0x08008af0                MainView::MainView()
 .text._ZN8MainView9inc_countEv
                0x08008b2c       0xb0 TouchGFX/build/STM32F746-DISCO/TouchGFX/gui/src/main_screen/MainView.o
                0x08008b2c                MainView::inc_count()
 .text._ZN8MainView18touchButtonPressedEv
                0x08008bdc        0x4 TouchGFX/build/STM32F746-DISCO/TouchGFX/gui/src/main_screen/MainView.o
                0x08008bdc                MainView::hw_ButtonPressed()
                0x08008bdc                MainView::touchButtonPressed()
 .text._ZN8touchgfx15IconButtonStyleINS_24BoxWithBorderButtonStyleINS_19RepeatButtonTriggerEEEE20handlePressedUpdatedEv
                0x08008be0       0x40 TouchGFX/build/STM32F746-DISCO/TouchGFX/gui/src/main_screen/MainView.o
                0x08008be0                touchgfx::IconButtonStyle<touchgfx::BoxWithBorderButtonStyle<touchgfx::RepeatButtonTrigger> >::handlePressedUpdated()
 .text._ZN8MainView9dec_countEv
                0x08008c20       0x84 TouchGFX/build/STM32F746-DISCO/TouchGFX/gui/src/main_screen/MainView.o
                0x08008c20                MainView::dec_count()
 .text._ZN8MainView19repeatButtonPressedEv
                0x08008ca4        0x4 TouchGFX/build/STM32F746-DISCO/TouchGFX/gui/src/main_screen/MainView.o
                0x08008ca4                MainView::repeatButtonPressed()
 .text._ZN8MainView17zeroButtonPressedEv
                0x08008ca8       0x70 TouchGFX/build/STM32F746-DISCO/TouchGFX/gui/src/main_screen/MainView.o
                0x08008ca8                MainView::zeroButtonPressed()
 .text._ZN5ModelC2Ev
                0x08008d18        0x6 TouchGFX/build/STM32F746-DISCO/TouchGFX/gui/src/model/Model.o
                0x08008d18                Model::Model()
                0x08008d18                Model::Model()
 *fill*         0x08008d1e        0x2 
 .text._ZN5Model4tickEv
                0x08008d20       0x2c TouchGFX/build/STM32F746-DISCO/TouchGFX/gui/src/model/Model.o
                0x08008d20                Model::tick()
 .text._ZN5Model15p2m_SetLEDStateEb
                0x08008d4c       0x20 TouchGFX/build/STM32F746-DISCO/TouchGFX/gui/src/model/Model.o
                0x08008d4c                Model::p2m_SetLEDState(bool)
 .text._ZN8touchgfx11Application15appSwitchScreenEh
                0x08008d6c        0x2 TouchGFX/build/STM32F746-DISCO/TouchGFX/gui/src/common/FrontendApplication.o
                0x08008d6c                touchgfx::Application::appSwitchScreen(unsigned char)
 .text._ZN19FrontendApplicationD2Ev
                0x08008d6e        0x2 TouchGFX/build/STM32F746-DISCO/TouchGFX/gui/src/common/FrontendApplication.o
                0x08008d6e                FrontendApplication::~FrontendApplication()
                0x08008d6e                FrontendApplication::~FrontendApplication()
 .text._ZN19FrontendApplicationD0Ev
                0x08008d70       0x10 TouchGFX/build/STM32F746-DISCO/TouchGFX/gui/src/common/FrontendApplication.o
                0x08008d70                FrontendApplication::~FrontendApplication()
 .text._ZN19FrontendApplication15handleTickEventEv
                0x08008d80       0x16 TouchGFX/build/STM32F746-DISCO/TouchGFX/gui/src/common/FrontendApplication.o
                0x08008d80                FrontendApplication::handleTickEvent()
 .text._ZN8touchgfx14MVPApplication29handlePendingScreenTransitionEv
                0x08008d96       0x24 TouchGFX/build/STM32F746-DISCO/TouchGFX/gui/src/common/FrontendApplication.o
                0x08008d96                touchgfx::MVPApplication::handlePendingScreenTransition()
 *fill*         0x08008dba        0x2 
 .text._ZN19FrontendApplicationC2ER5ModelR12FrontendHeap
                0x08008dbc       0x14 TouchGFX/build/STM32F746-DISCO/TouchGFX/gui/src/common/FrontendApplication.o
                0x08008dbc                FrontendApplication::FrontendApplication(Model&, FrontendHeap&)
                0x08008dbc                FrontendApplication::FrontendApplication(Model&, FrontendHeap&)
 .text._ZN8touchgfx8Drawable11setPositionEssss
                0x08008dd0       0x28 TouchGFX/build/STM32F746-DISCO/TouchGFX/generated/gui_generated/src/main_screen/MainViewBase.o
                0x08008dd0                touchgfx::Drawable::setPosition(short, short, short, short)
 .text._ZN8touchgfx8Drawable4setXEs
                0x08008df8        0x4 TouchGFX/build/STM32F746-DISCO/TouchGFX/generated/gui_generated/src/main_screen/MainViewBase.o
                0x08008df8                touchgfx::Drawable::setX(short)
 .text._ZN8touchgfx8Drawable4setYEs
                0x08008dfc        0x4 TouchGFX/build/STM32F746-DISCO/TouchGFX/generated/gui_generated/src/main_screen/MainViewBase.o
                0x08008dfc                touchgfx::Drawable::setY(short)
 .text._ZN8touchgfx8Drawable5setXYEss
                0x08008e00       0x1a TouchGFX/build/STM32F746-DISCO/TouchGFX/generated/gui_generated/src/main_screen/MainViewBase.o
                0x08008e00                touchgfx::Drawable::setXY(short, short)
 .text._ZN8touchgfx8Drawable8setWidthEs
                0x08008e1a        0x4 TouchGFX/build/STM32F746-DISCO/TouchGFX/generated/gui_generated/src/main_screen/MainViewBase.o
                0x08008e1a                touchgfx::Drawable::setWidth(short)
 .text._ZN8touchgfx8Drawable9setHeightEs
                0x08008e1e        0x4 TouchGFX/build/STM32F746-DISCO/TouchGFX/generated/gui_generated/src/main_screen/MainViewBase.o
                0x08008e1e                touchgfx::Drawable::setHeight(short)
 .text._ZN8touchgfx8Drawable20childGeometryChangedEv
                0x08008e22        0x2 TouchGFX/build/STM32F746-DISCO/TouchGFX/generated/gui_generated/src/main_screen/MainViewBase.o
                0x08008e22                touchgfx::Drawable::childGeometryChanged()
 .text._ZN8touchgfx8Drawable16handleClickEventERKNS_10ClickEventE
                0x08008e24        0x2 TouchGFX/build/STM32F746-DISCO/TouchGFX/generated/gui_generated/src/main_screen/MainViewBase.o
                0x08008e24                touchgfx::Drawable::handleClickEvent(touchgfx::ClickEvent const&)
 .text._ZN8touchgfx8Drawable18handleGestureEventERKNS_12GestureEventE
                0x08008e26        0x2 TouchGFX/build/STM32F746-DISCO/TouchGFX/generated/gui_generated/src/main_screen/MainViewBase.o
                0x08008e26                touchgfx::Drawable::handleGestureEvent(touchgfx::GestureEvent const&)
 .text._ZN8touchgfx8Drawable15handleDragEventERKNS_9DragEventE
                0x08008e28        0x2 TouchGFX/build/STM32F746-DISCO/TouchGFX/generated/gui_generated/src/main_screen/MainViewBase.o
                0x08008e28                touchgfx::Drawable::handleDragEvent(touchgfx::DragEvent const&)
 .text._ZN8touchgfx8Drawable15handleTickEventEv
                0x08008e2a        0x2 TouchGFX/build/STM32F746-DISCO/TouchGFX/generated/gui_generated/src/main_screen/MainViewBase.o
                0x08008e2a                touchgfx::Drawable::handleTickEvent()
 .text._ZN8touchgfx8Drawable6moveToEss
                0x08008e2c       0x18 TouchGFX/build/STM32F746-DISCO/TouchGFX/generated/gui_generated/src/main_screen/MainViewBase.o
                0x08008e2c                touchgfx::Drawable::moveTo(short, short)
 .text._ZN8touchgfx8Drawable14setupDrawChainERKNS_4RectEPPS0_
                0x08008e44       0x12 TouchGFX/build/STM32F746-DISCO/TouchGFX/generated/gui_generated/src/main_screen/MainViewBase.o
                0x08008e44                touchgfx::Drawable::setupDrawChain(touchgfx::Rect const&, touchgfx::Drawable**)
 .text._ZNK8touchgfx9Container7getTypeEv
                0x08008e56        0x4 TouchGFX/build/STM32F746-DISCO/TouchGFX/generated/gui_generated/src/main_screen/MainViewBase.o
                0x08008e56                touchgfx::Container::getType() const
 .text._ZN8touchgfx6Screen11setupScreenEv
                0x08008e5a        0x2 TouchGFX/build/STM32F746-DISCO/TouchGFX/generated/gui_generated/src/main_screen/MainViewBase.o
                0x08008e5a                touchgfx::Screen::setupScreen()
 .text._ZN8touchgfx6Screen14tearDownScreenEv
                0x08008e5c        0x2 TouchGFX/build/STM32F746-DISCO/TouchGFX/generated/gui_generated/src/main_screen/MainViewBase.o
                0x08008e5c                touchgfx::Screen::tearDownScreen()
 .text._ZN8touchgfx6Widget12getLastChildEssPPNS_8DrawableE
                0x08008e5e       0x10 TouchGFX/build/STM32F746-DISCO/TouchGFX/generated/gui_generated/src/main_screen/MainViewBase.o
                0x08008e5e                touchgfx::Widget::getLastChild(short, short, touchgfx::Drawable**)
 .text._ZNK8touchgfx8TextArea12getSolidRectEv
                0x08008e6e        0xc TouchGFX/build/STM32F746-DISCO/TouchGFX/generated/gui_generated/src/main_screen/MainViewBase.o
                0x08008e6e                touchgfx::TextArea::getSolidRect() const
 .text._ZN8touchgfx8TextArea13setXBaselineYEss
                0x08008e7a       0x1a TouchGFX/build/STM32F746-DISCO/TouchGFX/generated/gui_generated/src/main_screen/MainViewBase.o
                0x08008e7a                touchgfx::TextArea::setXBaselineY(short, short)
 .text._ZNK8touchgfx8TextArea7getTypeEv
                0x08008e94        0x4 TouchGFX/build/STM32F746-DISCO/TouchGFX/generated/gui_generated/src/main_screen/MainViewBase.o
                0x08008e94                touchgfx::TextArea::getType() const
 .text._ZNK8touchgfx23TextAreaWithOneWildcard7getTypeEv
                0x08008e98        0x4 TouchGFX/build/STM32F746-DISCO/TouchGFX/generated/gui_generated/src/main_screen/MainViewBase.o
                0x08008e98                touchgfx::TextAreaWithOneWildcard::getType() const
 .text._ZN8touchgfx23AbstractButtonContainerD2Ev
                0x08008e9c        0x2 TouchGFX/build/STM32F746-DISCO/TouchGFX/generated/gui_generated/src/main_screen/MainViewBase.o
                0x08008e9c                touchgfx::AbstractButtonContainer::~AbstractButtonContainer()
                0x08008e9c                touchgfx::AbstractButtonContainer::~AbstractButtonContainer()
 .text._ZN8touchgfx23AbstractButtonContainer20handlePressedUpdatedEv
                0x08008e9e        0x2 TouchGFX/build/STM32F746-DISCO/TouchGFX/generated/gui_generated/src/main_screen/MainViewBase.o
                0x08008e9e                touchgfx::AbstractButtonContainer::handlePressedUpdated()
 .text._ZN8touchgfx23AbstractButtonContainer18handleAlphaUpdatedEv
                0x08008ea0        0x2 TouchGFX/build/STM32F746-DISCO/TouchGFX/generated/gui_generated/src/main_screen/MainViewBase.o
                0x08008ea0                touchgfx::AbstractButtonContainer::handleAlphaUpdated()
 .text._ZN12MainViewBaseD2Ev
                0x08008ea2        0x2 TouchGFX/build/STM32F746-DISCO/TouchGFX/generated/gui_generated/src/main_screen/MainViewBase.o
                0x08008ea2                MainViewBase::~MainViewBase()
                0x08008ea2                MainViewBase::~MainViewBase()
 .text._ZN12MainViewBase19toggleButtonPressedEv
                0x08008ea4        0x2 TouchGFX/build/STM32F746-DISCO/TouchGFX/generated/gui_generated/src/main_screen/MainViewBase.o
                0x08008ea4                MainViewBase::toggleButtonPressed()
 .text._ZN12MainViewBase18touchButtonPressedEv
                0x08008ea6        0x2 TouchGFX/build/STM32F746-DISCO/TouchGFX/generated/gui_generated/src/main_screen/MainViewBase.o
                0x08008ea6                MainViewBase::touchButtonPressed()
 .text._ZN12MainViewBase17zeroButtonPressedEv
                0x08008ea8        0x2 TouchGFX/build/STM32F746-DISCO/TouchGFX/generated/gui_generated/src/main_screen/MainViewBase.o
                0x08008ea8                MainViewBase::zeroButtonPressed()
 .text._ZN12MainViewBase19repeatButtonPressedEv
                0x08008eaa        0x2 TouchGFX/build/STM32F746-DISCO/TouchGFX/generated/gui_generated/src/main_screen/MainViewBase.o
                0x08008eaa                MainViewBase::repeatButtonPressed()
 .text._ZN12MainViewBase16ledButtonPressedEv
                0x08008eac        0x2 TouchGFX/build/STM32F746-DISCO/TouchGFX/generated/gui_generated/src/main_screen/MainViewBase.o
                0x08008eac                MainViewBase::ledButtonPressed()
 .text._ZN12MainViewBase11setupScreenEv
                0x08008eae        0x2 TouchGFX/build/STM32F746-DISCO/TouchGFX/generated/gui_generated/src/main_screen/MainViewBase.o
                0x08008eae                MainViewBase::setupScreen()
 .text._ZN8touchgfx15IconButtonStyleINS_24BoxWithBorderButtonStyleINS_19RepeatButtonTriggerEEEED2Ev
                0x08008eb0        0x2 TouchGFX/build/STM32F746-DISCO/TouchGFX/generated/gui_generated/src/main_screen/MainViewBase.o
                0x08008eb0                touchgfx::IconButtonStyle<touchgfx::BoxWithBorderButtonStyle<touchgfx::RepeatButtonTrigger> >::~IconButtonStyle()
                0x08008eb0                touchgfx::IconButtonStyle<touchgfx::BoxWithBorderButtonStyle<touchgfx::RepeatButtonTrigger> >::~IconButtonStyle()
 .text._ZN8touchgfx15TextButtonStyleINS_16ImageButtonStyleINS_18ClickButtonTriggerEEEED2Ev
                0x08008eb2        0x2 TouchGFX/build/STM32F746-DISCO/TouchGFX/generated/gui_generated/src/main_screen/MainViewBase.o
                0x08008eb2                touchgfx::TextButtonStyle<touchgfx::ImageButtonStyle<touchgfx::ClickButtonTrigger> >::~TextButtonStyle()
                0x08008eb2                touchgfx::TextButtonStyle<touchgfx::ImageButtonStyle<touchgfx::ClickButtonTrigger> >::~TextButtonStyle()
 .text._ZN8touchgfx15IconButtonStyleINS_24BoxWithBorderButtonStyleINS_18TouchButtonTriggerEEEED2Ev
                0x08008eb4        0x2 TouchGFX/build/STM32F746-DISCO/TouchGFX/generated/gui_generated/src/main_screen/MainViewBase.o
                0x08008eb4                touchgfx::IconButtonStyle<touchgfx::BoxWithBorderButtonStyle<touchgfx::TouchButtonTrigger> >::~IconButtonStyle()
                0x08008eb4                touchgfx::IconButtonStyle<touchgfx::BoxWithBorderButtonStyle<touchgfx::TouchButtonTrigger> >::~IconButtonStyle()
 .text._ZN8touchgfx15TextButtonStyleINS_19ToggleButtonTriggerEED2Ev
                0x08008eb6        0x2 TouchGFX/build/STM32F746-DISCO/TouchGFX/generated/gui_generated/src/main_screen/MainViewBase.o
                0x08008eb6                touchgfx::TextButtonStyle<touchgfx::ToggleButtonTrigger>::~TextButtonStyle()
                0x08008eb6                touchgfx::TextButtonStyle<touchgfx::ToggleButtonTrigger>::~TextButtonStyle()
 .text._ZN8touchgfx24BoxWithBorderButtonStyleINS_19RepeatButtonTriggerEED2Ev
                0x08008eb8        0x2 TouchGFX/build/STM32F746-DISCO/TouchGFX/generated/gui_generated/src/main_screen/MainViewBase.o
                0x08008eb8                touchgfx::BoxWithBorderButtonStyle<touchgfx::RepeatButtonTrigger>::~BoxWithBorderButtonStyle()
                0x08008eb8                touchgfx::BoxWithBorderButtonStyle<touchgfx::RepeatButtonTrigger>::~BoxWithBorderButtonStyle()
 .text._ZN8touchgfx16ImageButtonStyleINS_18ClickButtonTriggerEED2Ev
                0x08008eba        0x2 TouchGFX/build/STM32F746-DISCO/TouchGFX/generated/gui_generated/src/main_screen/MainViewBase.o
                0x08008eba                touchgfx::ImageButtonStyle<touchgfx::ClickButtonTrigger>::~ImageButtonStyle()
                0x08008eba                touchgfx::ImageButtonStyle<touchgfx::ClickButtonTrigger>::~ImageButtonStyle()
 .text._ZN8touchgfx24BoxWithBorderButtonStyleINS_18TouchButtonTriggerEED2Ev
                0x08008ebc        0x2 TouchGFX/build/STM32F746-DISCO/TouchGFX/generated/gui_generated/src/main_screen/MainViewBase.o
                0x08008ebc                touchgfx::BoxWithBorderButtonStyle<touchgfx::TouchButtonTrigger>::~BoxWithBorderButtonStyle()
                0x08008ebc                touchgfx::BoxWithBorderButtonStyle<touchgfx::TouchButtonTrigger>::~BoxWithBorderButtonStyle()
 .text._ZN8touchgfx24BoxWithBorderButtonStyleINS_19RepeatButtonTriggerEE20handlePressedUpdatedEv
                0x08008ebe       0x26 TouchGFX/build/STM32F746-DISCO/TouchGFX/generated/gui_generated/src/main_screen/MainViewBase.o
                0x08008ebe                touchgfx::BoxWithBorderButtonStyle<touchgfx::RepeatButtonTrigger>::handlePressedUpdated()
 .text._ZN8touchgfx24BoxWithBorderButtonStyleINS_18TouchButtonTriggerEE20handlePressedUpdatedEv
                0x08008ee4       0x26 TouchGFX/build/STM32F746-DISCO/TouchGFX/generated/gui_generated/src/main_screen/MainViewBase.o
                0x08008ee4                touchgfx::BoxWithBorderButtonStyle<touchgfx::TouchButtonTrigger>::handlePressedUpdated()
 .text._ZN8touchgfx15TextButtonStyleINS_19ToggleButtonTriggerEE20handlePressedUpdatedEv
                0x08008f0a       0x16 TouchGFX/build/STM32F746-DISCO/TouchGFX/generated/gui_generated/src/main_screen/MainViewBase.o
                0x08008f0a                touchgfx::TextButtonStyle<touchgfx::ToggleButtonTrigger>::handlePressedUpdated()
 .text._ZN8touchgfx8CallbackI12MainViewBaseRKNS_23AbstractButtonContainerEvvED2Ev
                0x08008f20        0x2 TouchGFX/build/STM32F746-DISCO/TouchGFX/generated/gui_generated/src/main_screen/MainViewBase.o
                0x08008f20                touchgfx::Callback<MainViewBase, touchgfx::AbstractButtonContainer const&, void, void>::~Callback()
                0x08008f20                touchgfx::Callback<MainViewBase, touchgfx::AbstractButtonContainer const&, void, void>::~Callback()
 .text._ZN8touchgfx23TextAreaWithOneWildcardD2Ev
                0x08008f22        0x2 TouchGFX/build/STM32F746-DISCO/TouchGFX/generated/gui_generated/src/main_screen/MainViewBase.o
                0x08008f22                touchgfx::TextAreaWithOneWildcard::~TextAreaWithOneWildcard()
                0x08008f22                touchgfx::TextAreaWithOneWildcard::~TextAreaWithOneWildcard()
 .text._ZN8touchgfx8CallbackI12MainViewBaseRKNS_23AbstractButtonContainerEvvE7executeES4_
                0x08008f24       0x20 TouchGFX/build/STM32F746-DISCO/TouchGFX/generated/gui_generated/src/main_screen/MainViewBase.o
                0x08008f24                touchgfx::Callback<MainViewBase, touchgfx::AbstractButtonContainer const&, void, void>::execute(touchgfx::AbstractButtonContainer const&)
 .text._ZNK8touchgfx8CallbackI12MainViewBaseRKNS_23AbstractButtonContainerEvvE7isValidEv
                0x08008f44       0x18 TouchGFX/build/STM32F746-DISCO/TouchGFX/generated/gui_generated/src/main_screen/MainViewBase.o
                0x08008f44                touchgfx::Callback<MainViewBase, touchgfx::AbstractButtonContainer const&, void, void>::isValid() const
 .text._ZN8touchgfx15TextButtonStyleINS_19ToggleButtonTriggerEE18handleAlphaUpdatedEv
                0x08008f5c        0xa TouchGFX/build/STM32F746-DISCO/TouchGFX/generated/gui_generated/src/main_screen/MainViewBase.o
                0x08008f5c                touchgfx::TextButtonStyle<touchgfx::ToggleButtonTrigger>::handleAlphaUpdated()
 .text._ZN8touchgfx15IconButtonStyleINS_24BoxWithBorderButtonStyleINS_18TouchButtonTriggerEEEE18handleAlphaUpdatedEv
                0x08008f66        0xe TouchGFX/build/STM32F746-DISCO/TouchGFX/generated/gui_generated/src/main_screen/MainViewBase.o
                0x08008f66                touchgfx::IconButtonStyle<touchgfx::BoxWithBorderButtonStyle<touchgfx::TouchButtonTrigger> >::handleAlphaUpdated()
 .text._ZN8touchgfx24BoxWithBorderButtonStyleINS_18TouchButtonTriggerEE18handleAlphaUpdatedEv
                0x08008f74        0xa TouchGFX/build/STM32F746-DISCO/TouchGFX/generated/gui_generated/src/main_screen/MainViewBase.o
                0x08008f74                touchgfx::BoxWithBorderButtonStyle<touchgfx::TouchButtonTrigger>::handleAlphaUpdated()
 .text._ZN8touchgfx15TextButtonStyleINS_16ImageButtonStyleINS_18ClickButtonTriggerEEEE18handleAlphaUpdatedEv
                0x08008f7e        0xe TouchGFX/build/STM32F746-DISCO/TouchGFX/generated/gui_generated/src/main_screen/MainViewBase.o
                0x08008f7e                touchgfx::TextButtonStyle<touchgfx::ImageButtonStyle<touchgfx::ClickButtonTrigger> >::handleAlphaUpdated()
 .text._ZN8touchgfx16ImageButtonStyleINS_18ClickButtonTriggerEE18handleAlphaUpdatedEv
                0x08008f8c        0xa TouchGFX/build/STM32F746-DISCO/TouchGFX/generated/gui_generated/src/main_screen/MainViewBase.o
                0x08008f8c                touchgfx::ImageButtonStyle<touchgfx::ClickButtonTrigger>::handleAlphaUpdated()
 .text._ZN8touchgfx15IconButtonStyleINS_24BoxWithBorderButtonStyleINS_19RepeatButtonTriggerEEEE18handleAlphaUpdatedEv
                0x08008f96        0xe TouchGFX/build/STM32F746-DISCO/TouchGFX/generated/gui_generated/src/main_screen/MainViewBase.o
                0x08008f96                touchgfx::IconButtonStyle<touchgfx::BoxWithBorderButtonStyle<touchgfx::RepeatButtonTrigger> >::handleAlphaUpdated()
 .text._ZN8touchgfx24BoxWithBorderButtonStyleINS_19RepeatButtonTriggerEE18handleAlphaUpdatedEv
                0x08008fa4        0xa TouchGFX/build/STM32F746-DISCO/TouchGFX/generated/gui_generated/src/main_screen/MainViewBase.o
                0x08008fa4                touchgfx::BoxWithBorderButtonStyle<touchgfx::RepeatButtonTrigger>::handleAlphaUpdated()
 .text._ZN8touchgfx16ImageButtonStyleINS_18ClickButtonTriggerEE20handlePressedUpdatedEv
                0x08008fae       0x14 TouchGFX/build/STM32F746-DISCO/TouchGFX/generated/gui_generated/src/main_screen/MainViewBase.o
                0x08008fae                touchgfx::ImageButtonStyle<touchgfx::ClickButtonTrigger>::handlePressedUpdated()
 .text._ZN8touchgfx15TextButtonStyleINS_16ImageButtonStyleINS_18ClickButtonTriggerEEEE20handlePressedUpdatedEv
                0x08008fc2       0x1e TouchGFX/build/STM32F746-DISCO/TouchGFX/generated/gui_generated/src/main_screen/MainViewBase.o
                0x08008fc2                touchgfx::TextButtonStyle<touchgfx::ImageButtonStyle<touchgfx::ClickButtonTrigger> >::handlePressedUpdated()
 .text._ZN8touchgfx15IconButtonStyleINS_24BoxWithBorderButtonStyleINS_18TouchButtonTriggerEEEE20handlePressedUpdatedEv
                0x08008fe0       0x22 TouchGFX/build/STM32F746-DISCO/TouchGFX/generated/gui_generated/src/main_screen/MainViewBase.o
                0x08008fe0                touchgfx::IconButtonStyle<touchgfx::BoxWithBorderButtonStyle<touchgfx::TouchButtonTrigger> >::handlePressedUpdated()
 .text._ZN8touchgfx23AbstractButtonContainerD0Ev
                0x08009002        0xe TouchGFX/build/STM32F746-DISCO/TouchGFX/generated/gui_generated/src/main_screen/MainViewBase.o
                0x08009002                touchgfx::AbstractButtonContainer::~AbstractButtonContainer()
 .text._ZN8touchgfx16ImageButtonStyleINS_18ClickButtonTriggerEED0Ev
                0x08009010        0xe TouchGFX/build/STM32F746-DISCO/TouchGFX/generated/gui_generated/src/main_screen/MainViewBase.o
                0x08009010                touchgfx::ImageButtonStyle<touchgfx::ClickButtonTrigger>::~ImageButtonStyle()
 .text._ZN8touchgfx15TextButtonStyleINS_19ToggleButtonTriggerEED0Ev
                0x0800901e        0xe TouchGFX/build/STM32F746-DISCO/TouchGFX/generated/gui_generated/src/main_screen/MainViewBase.o
                0x0800901e                touchgfx::TextButtonStyle<touchgfx::ToggleButtonTrigger>::~TextButtonStyle()
 .text._ZN8touchgfx15TextButtonStyleINS_16ImageButtonStyleINS_18ClickButtonTriggerEEEED0Ev
                0x0800902c        0xe TouchGFX/build/STM32F746-DISCO/TouchGFX/generated/gui_generated/src/main_screen/MainViewBase.o
                0x0800902c                touchgfx::TextButtonStyle<touchgfx::ImageButtonStyle<touchgfx::ClickButtonTrigger> >::~TextButtonStyle()
 .text._ZN8touchgfx23TextAreaWithOneWildcardD0Ev
                0x0800903a        0xe TouchGFX/build/STM32F746-DISCO/TouchGFX/generated/gui_generated/src/main_screen/MainViewBase.o
                0x0800903a                touchgfx::TextAreaWithOneWildcard::~TextAreaWithOneWildcard()
 .text._ZN8touchgfx24BoxWithBorderButtonStyleINS_19RepeatButtonTriggerEED0Ev
                0x08009048        0xe TouchGFX/build/STM32F746-DISCO/TouchGFX/generated/gui_generated/src/main_screen/MainViewBase.o
                0x08009048                touchgfx::BoxWithBorderButtonStyle<touchgfx::RepeatButtonTrigger>::~BoxWithBorderButtonStyle()
 .text._ZN8touchgfx15IconButtonStyleINS_24BoxWithBorderButtonStyleINS_19RepeatButtonTriggerEEEED0Ev
                0x08009056        0xe TouchGFX/build/STM32F746-DISCO/TouchGFX/generated/gui_generated/src/main_screen/MainViewBase.o
                0x08009056                touchgfx::IconButtonStyle<touchgfx::BoxWithBorderButtonStyle<touchgfx::RepeatButtonTrigger> >::~IconButtonStyle()
 .text._ZN8touchgfx24BoxWithBorderButtonStyleINS_18TouchButtonTriggerEED0Ev
                0x08009064        0xe TouchGFX/build/STM32F746-DISCO/TouchGFX/generated/gui_generated/src/main_screen/MainViewBase.o
                0x08009064                touchgfx::BoxWithBorderButtonStyle<touchgfx::TouchButtonTrigger>::~BoxWithBorderButtonStyle()
 .text._ZN8touchgfx15IconButtonStyleINS_24BoxWithBorderButtonStyleINS_18TouchButtonTriggerEEEED0Ev
                0x08009072        0xe TouchGFX/build/STM32F746-DISCO/TouchGFX/generated/gui_generated/src/main_screen/MainViewBase.o
                0x08009072                touchgfx::IconButtonStyle<touchgfx::BoxWithBorderButtonStyle<touchgfx::TouchButtonTrigger> >::~IconButtonStyle()
 .text._ZN8touchgfx8CallbackI12MainViewBaseRKNS_23AbstractButtonContainerEvvED0Ev
                0x08009080        0xe TouchGFX/build/STM32F746-DISCO/TouchGFX/generated/gui_generated/src/main_screen/MainViewBase.o
                0x08009080                touchgfx::Callback<MainViewBase, touchgfx::AbstractButtonContainer const&, void, void>::~Callback()
 .text._ZN12MainViewBaseD0Ev
                0x0800908e       0x10 TouchGFX/build/STM32F746-DISCO/TouchGFX/generated/gui_generated/src/main_screen/MainViewBase.o
                0x0800908e                MainViewBase::~MainViewBase()
 .text._ZN8touchgfx16ImageButtonStyleINS_18ClickButtonTriggerEE10setBitmapsERKNS_6BitmapES5_
                0x0800909e       0x30 TouchGFX/build/STM32F746-DISCO/TouchGFX/generated/gui_generated/src/main_screen/MainViewBase.o
                0x0800909e                touchgfx::ImageButtonStyle<touchgfx::ClickButtonTrigger>::setBitmaps(touchgfx::Bitmap const&, touchgfx::Bitmap const&)
 .text._ZN8touchgfx15IconButtonStyleINS_24BoxWithBorderButtonStyleINS_19RepeatButtonTriggerEEEE14setIconBitmapsERKNS_6BitmapES7_
                0x080090ce       0x5c TouchGFX/build/STM32F746-DISCO/TouchGFX/generated/gui_generated/src/main_screen/MainViewBase.o
                0x080090ce                touchgfx::IconButtonStyle<touchgfx::BoxWithBorderButtonStyle<touchgfx::RepeatButtonTrigger> >::setIconBitmaps(touchgfx::Bitmap const&, touchgfx::Bitmap const&)
 .text._ZN8touchgfx15IconButtonStyleINS_24BoxWithBorderButtonStyleINS_18TouchButtonTriggerEEEE14setIconBitmapsERKNS_6BitmapES7_
                0x0800912a       0x5c TouchGFX/build/STM32F746-DISCO/TouchGFX/generated/gui_generated/src/main_screen/MainViewBase.o
                0x0800912a                touchgfx::IconButtonStyle<touchgfx::BoxWithBorderButtonStyle<touchgfx::TouchButtonTrigger> >::setIconBitmaps(touchgfx::Bitmap const&, touchgfx::Bitmap const&)
 .text._ZN8touchgfx19RepeatButtonTrigger15handleTickEventEv
                0x08009186       0x40 TouchGFX/build/STM32F746-DISCO/TouchGFX/generated/gui_generated/src/main_screen/MainViewBase.o
                0x08009186                touchgfx::RepeatButtonTrigger::handleTickEvent()
 .text._ZN12MainViewBase25flexButtonCallbackHandlerERKN8touchgfx23AbstractButtonContainerE
                0x080091c6       0x48 TouchGFX/build/STM32F746-DISCO/TouchGFX/generated/gui_generated/src/main_screen/MainViewBase.o
                0x080091c6                MainViewBase::flexButtonCallbackHandler(touchgfx::AbstractButtonContainer const&)
 *fill*         0x0800920e        0x2 
 .text._ZN8touchgfx8DrawableC2Ev
                0x08009210       0x2c TouchGFX/build/STM32F746-DISCO/TouchGFX/generated/gui_generated/src/main_screen/MainViewBase.o
                0x08009210                touchgfx::Drawable::Drawable()
                0x08009210                touchgfx::Drawable::Drawable()
 .text._ZN8touchgfx5ImageC2ERKNS_6BitmapE
                0x0800923c       0x28 TouchGFX/build/STM32F746-DISCO/TouchGFX/generated/gui_generated/src/main_screen/MainViewBase.o
                0x0800923c                touchgfx::Image::Image(touchgfx::Bitmap const&)
                0x0800923c                touchgfx::Image::Image(touchgfx::Bitmap const&)
 .text._ZNK8touchgfx9TypedText11assertValidEv
                0x08009264       0x40 TouchGFX/build/STM32F746-DISCO/TouchGFX/generated/gui_generated/src/main_screen/MainViewBase.o
                0x08009264                touchgfx::TypedText::assertValid() const
 .text._ZNK8touchgfx9TypedText7getFontEv
                0x080092a4       0x24 TouchGFX/build/STM32F746-DISCO/TouchGFX/generated/gui_generated/src/main_screen/MainViewBase.o
                0x080092a4                touchgfx::TypedText::getFont() const
 .text._ZN8touchgfx8TextArea12setBaselineYEs
                0x080092c8       0x28 TouchGFX/build/STM32F746-DISCO/TouchGFX/generated/gui_generated/src/main_screen/MainViewBase.o
                0x080092c8                touchgfx::TextArea::setBaselineY(short)
 .text._ZNK8touchgfx9TypedText7getTextEv
                0x080092f0       0x18 TouchGFX/build/STM32F746-DISCO/TouchGFX/generated/gui_generated/src/main_screen/MainViewBase.o
                0x080092f0                touchgfx::TypedText::getText() const
 .text._ZN8touchgfx23TextAreaWithOneWildcard13getTextHeightEv
                0x08009308       0x26 TouchGFX/build/STM32F746-DISCO/TouchGFX/generated/gui_generated/src/main_screen/MainViewBase.o
                0x08009308                touchgfx::TextAreaWithOneWildcard::getTextHeight()
 *fill*         0x0800932e        0x2 
 .text._ZNK8touchgfx23TextAreaWithOneWildcard4drawERKNS_4RectE
                0x08009330       0xbc TouchGFX/build/STM32F746-DISCO/TouchGFX/generated/gui_generated/src/main_screen/MainViewBase.o
                0x08009330                touchgfx::TextAreaWithOneWildcard::draw(touchgfx::Rect const&) const
 .text._ZNK8touchgfx23TextAreaWithOneWildcard12getTextWidthEv
                0x080093ec       0x54 TouchGFX/build/STM32F746-DISCO/TouchGFX/generated/gui_generated/src/main_screen/MainViewBase.o
                0x080093ec                touchgfx::TextAreaWithOneWildcard::getTextWidth() const
 .text._ZN8touchgfx8TextAreaC2Ev
                0x08009440       0x30 TouchGFX/build/STM32F746-DISCO/TouchGFX/generated/gui_generated/src/main_screen/MainViewBase.o
                0x08009440                touchgfx::TextArea::TextArea()
                0x08009440                touchgfx::TextArea::TextArea()
 .text._ZN8touchgfx23AbstractButtonContainerC2Ev
                0x08009470       0x2c TouchGFX/build/STM32F746-DISCO/TouchGFX/generated/gui_generated/src/main_screen/MainViewBase.o
                0x08009470                touchgfx::AbstractButtonContainer::AbstractButtonContainer()
                0x08009470                touchgfx::AbstractButtonContainer::AbstractButtonContainer()
 .text._ZN8touchgfx23AbstractButtonContainer10setPressedEb
                0x0800949c        0xc TouchGFX/build/STM32F746-DISCO/TouchGFX/generated/gui_generated/src/main_screen/MainViewBase.o
                0x0800949c                touchgfx::AbstractButtonContainer::setPressed(bool)
 .text._ZN8touchgfx19RepeatButtonTrigger16handleClickEventERKNS_10ClickEventE
                0x080094a8       0x6a TouchGFX/build/STM32F746-DISCO/TouchGFX/generated/gui_generated/src/main_screen/MainViewBase.o
                0x080094a8                touchgfx::RepeatButtonTrigger::handleClickEvent(touchgfx::ClickEvent const&)
 .text._ZN8touchgfx18TouchButtonTrigger16handleClickEventERKNS_10ClickEventE
                0x08009512       0x48 TouchGFX/build/STM32F746-DISCO/TouchGFX/generated/gui_generated/src/main_screen/MainViewBase.o
                0x08009512                touchgfx::TouchButtonTrigger::handleClickEvent(touchgfx::ClickEvent const&)
 .text._ZN8touchgfx18ClickButtonTrigger16handleClickEventERKNS_10ClickEventE
                0x0800955a       0x4c TouchGFX/build/STM32F746-DISCO/TouchGFX/generated/gui_generated/src/main_screen/MainViewBase.o
                0x0800955a                touchgfx::ClickButtonTrigger::handleClickEvent(touchgfx::ClickEvent const&)
 .text._ZN8touchgfx19ToggleButtonTrigger16handleClickEventERKNS_10ClickEventE
                0x080095a6       0x5c TouchGFX/build/STM32F746-DISCO/TouchGFX/generated/gui_generated/src/main_screen/MainViewBase.o
                0x080095a6                touchgfx::ToggleButtonTrigger::handleClickEvent(touchgfx::ClickEvent const&)
 *fill*         0x08009602        0x2 
 .text._ZN8touchgfx15TextButtonStyleINS_16ImageButtonStyleINS_18ClickButtonTriggerEEEEC2Ev
                0x08009604       0x68 TouchGFX/build/STM32F746-DISCO/TouchGFX/generated/gui_generated/src/main_screen/MainViewBase.o
                0x08009604                touchgfx::TextButtonStyle<touchgfx::ImageButtonStyle<touchgfx::ClickButtonTrigger> >::TextButtonStyle()
                0x08009604                touchgfx::TextButtonStyle<touchgfx::ImageButtonStyle<touchgfx::ClickButtonTrigger> >::TextButtonStyle()
 .text._ZN12MainViewBaseC2Ev
                0x0800966c      0x610 TouchGFX/build/STM32F746-DISCO/TouchGFX/generated/gui_generated/src/main_screen/MainViewBase.o
                0x0800966c                MainViewBase::MainViewBase()
                0x0800966c                MainViewBase::MainViewBase()
 .text._ZN8touchgfx10Transition8tearDownEv
                0x08009c7c        0x2 TouchGFX/build/STM32F746-DISCO/TouchGFX/generated/gui_generated/src/common/FrontendApplicationBase.o
                0x08009c7c                touchgfx::Transition::tearDown()
 .text._ZN8touchgfx10Transition4initEv
                0x08009c7e        0x2 TouchGFX/build/STM32F746-DISCO/TouchGFX/generated/gui_generated/src/common/FrontendApplicationBase.o
                0x08009c7e                touchgfx::Transition::init()
 .text._ZN8touchgfx10Transition18setScreenContainerERNS_9ContainerE
                0x08009c80        0x4 TouchGFX/build/STM32F746-DISCO/TouchGFX/generated/gui_generated/src/common/FrontendApplicationBase.o
                0x08009c80                touchgfx::Transition::setScreenContainer(touchgfx::Container&)
 .text._ZN23FrontendApplicationBaseD2Ev
                0x08009c84        0x2 TouchGFX/build/STM32F746-DISCO/TouchGFX/generated/gui_generated/src/common/FrontendApplicationBase.o
                0x08009c84                FrontendApplicationBase::~FrontendApplicationBase()
                0x08009c84                FrontendApplicationBase::~FrontendApplicationBase()
 .text._ZN8touchgfx12NoTransitionD2Ev
                0x08009c86        0x2 TouchGFX/build/STM32F746-DISCO/TouchGFX/generated/gui_generated/src/common/FrontendApplicationBase.o
                0x08009c86                touchgfx::NoTransition::~NoTransition()
                0x08009c86                touchgfx::NoTransition::~NoTransition()
 .text._ZN8touchgfx12NoTransition15handleTickEventEv
                0x08009c88        0x6 TouchGFX/build/STM32F746-DISCO/TouchGFX/generated/gui_generated/src/common/FrontendApplicationBase.o
                0x08009c88                touchgfx::NoTransition::handleTickEvent()
 .text._ZN8touchgfx8CallbackI23FrontendApplicationBasevvvED2Ev
                0x08009c8e        0x2 TouchGFX/build/STM32F746-DISCO/TouchGFX/generated/gui_generated/src/common/FrontendApplicationBase.o
                0x08009c8e                touchgfx::Callback<FrontendApplicationBase, void, void, void>::~Callback()
                0x08009c8e                touchgfx::Callback<FrontendApplicationBase, void, void, void>::~Callback()
 .text._ZN8touchgfx8CallbackI23FrontendApplicationBasevvvE7executeEv
                0x08009c90       0x1a TouchGFX/build/STM32F746-DISCO/TouchGFX/generated/gui_generated/src/common/FrontendApplicationBase.o
                0x08009c90                touchgfx::Callback<FrontendApplicationBase, void, void, void>::execute()
 .text._ZNK8touchgfx8CallbackI23FrontendApplicationBasevvvE7isValidEv
                0x08009caa       0x18 TouchGFX/build/STM32F746-DISCO/TouchGFX/generated/gui_generated/src/common/FrontendApplicationBase.o
                0x08009caa                touchgfx::Callback<FrontendApplicationBase, void, void, void>::isValid() const
 .text._ZN8touchgfx12NoTransitionD0Ev
                0x08009cc2        0xe TouchGFX/build/STM32F746-DISCO/TouchGFX/generated/gui_generated/src/common/FrontendApplicationBase.o
                0x08009cc2                touchgfx::NoTransition::~NoTransition()
 .text._ZN23FrontendApplicationBaseD0Ev
                0x08009cd0       0x10 TouchGFX/build/STM32F746-DISCO/TouchGFX/generated/gui_generated/src/common/FrontendApplicationBase.o
                0x08009cd0                FrontendApplicationBase::~FrontendApplicationBase()
 .text._ZN8touchgfx8CallbackI23FrontendApplicationBasevvvED0Ev
                0x08009ce0        0xe TouchGFX/build/STM32F746-DISCO/TouchGFX/generated/gui_generated/src/common/FrontendApplicationBase.o
                0x08009ce0                touchgfx::Callback<FrontendApplicationBase, void, void, void>::~Callback()
 *fill*         0x08009cee        0x2 
 .text._ZN23FrontendApplicationBaseC2ER5ModelR12FrontendHeap
                0x08009cf0       0x4c TouchGFX/build/STM32F746-DISCO/TouchGFX/generated/gui_generated/src/common/FrontendApplicationBase.o
                0x08009cf0                FrontendApplicationBase::FrontendApplicationBase(Model&, FrontendHeap&)
                0x08009cf0                FrontendApplicationBase::FrontendApplicationBase(Model&, FrontendHeap&)
 .text._ZN23FrontendApplicationBase26gotoMainScreenNoTransitionEv
                0x08009d3c       0x20 TouchGFX/build/STM32F746-DISCO/TouchGFX/generated/gui_generated/src/common/FrontendApplicationBase.o
                0x08009d3c                FrontendApplicationBase::gotoMainScreenNoTransition()
 .text._ZN8touchgfx14makeTransitionI8MainView13MainPresenterNS_12NoTransitionE5ModelEEPT0_PPNS_6ScreenEPPNS_9PresenterERNS_7MVPHeapEPPNS_10TransitionEPT2_
                0x08009d5c      0x144 TouchGFX/build/STM32F746-DISCO/TouchGFX/generated/gui_generated/src/common/FrontendApplicationBase.o
                0x08009d5c                MainPresenter* touchgfx::makeTransition<MainView, MainPresenter, touchgfx::NoTransition, Model>(touchgfx::Screen**, touchgfx::Presenter**, touchgfx::MVPHeap&, touchgfx::Transition**, Model*)
 .text._ZN23FrontendApplicationBase30gotoMainScreenNoTransitionImplEv
                0x08009ea0       0x28 TouchGFX/build/STM32F746-DISCO/TouchGFX/generated/gui_generated/src/common/FrontendApplicationBase.o
                0x08009ea0                FrontendApplicationBase::gotoMainScreenNoTransitionImpl()
 .text._ZN8touchgfx17InternalFlashFontD2Ev
                0x08009ec8        0x2 TouchGFX/build/STM32F746-DISCO/TouchGFX/generated/fonts/src/FontGetters.o
                0x08009ec8                touchgfx::InternalFlashFont::~InternalFlashFont()
                0x08009ec8                touchgfx::InternalFlashFont::~InternalFlashFont()
 *fill*         0x08009eca        0x2 
 .text._Z28getFont_Asap_Regular_15_4bppv
                0x08009ecc       0x74 TouchGFX/build/STM32F746-DISCO/TouchGFX/generated/fonts/src/FontGetters.o
                0x08009ecc                getFont_Asap_Regular_15_4bpp()
 .text._Z28getFont_Asap_Regular_27_4bppv
                0x08009f40       0x74 TouchGFX/build/STM32F746-DISCO/TouchGFX/generated/fonts/src/FontGetters.o
                0x08009f40                getFont_Asap_Regular_27_4bpp()
 .text._Z28getFont_Asap_Regular_80_4bppv
                0x08009fb4       0x70 TouchGFX/build/STM32F746-DISCO/TouchGFX/generated/fonts/src/FontGetters.o
                0x08009fb4                getFont_Asap_Regular_80_4bpp()
 .text._ZN8touchgfx17InternalFlashFontD0Ev
                0x0800a024        0xe TouchGFX/build/STM32F746-DISCO/TouchGFX/generated/fonts/src/FontGetters.o
                0x0800a024                touchgfx::InternalFlashFont::~InternalFlashFont()
 .text._ZN23ApplicationFontProviderD2Ev
                0x0800a032        0x2 TouchGFX/build/STM32F746-DISCO/TouchGFX/generated/fonts/src/ApplicationFontProvider.o
                0x0800a032                ApplicationFontProvider::~ApplicationFontProvider()
                0x0800a032                ApplicationFontProvider::~ApplicationFontProvider()
 .text._ZN23ApplicationFontProvider7getFontEt
                0x0800a034       0x1a TouchGFX/build/STM32F746-DISCO/TouchGFX/generated/fonts/src/ApplicationFontProvider.o
                0x0800a034                ApplicationFontProvider::getFont(unsigned short)
 .text._ZN23ApplicationFontProviderD0Ev
                0x0800a04e        0xe TouchGFX/build/STM32F746-DISCO/TouchGFX/generated/fonts/src/ApplicationFontProvider.o
                0x0800a04e                ApplicationFontProvider::~ApplicationFontProvider()
 .text._ZN14BitmapDatabase11getInstanceEv
                0x0800a05c        0x8 TouchGFX/build/STM32F746-DISCO/TouchGFX/generated/images/src/BitmapDatabase.o
                0x0800a05c                BitmapDatabase::getInstance()
 .text._ZN14BitmapDatabase15getInstanceSizeEv
                0x0800a064        0x4 TouchGFX/build/STM32F746-DISCO/TouchGFX/generated/images/src/BitmapDatabase.o
                0x0800a064                BitmapDatabase::getInstanceSize()
 .text._ZN17TypedTextDatabase11getInstanceEt
                0x0800a068        0x8 TouchGFX/build/STM32F746-DISCO/TouchGFX/generated/texts/src/TypedTextDatabase.o
                0x0800a068                TypedTextDatabase::getInstance(unsigned short)
 .text._ZN17TypedTextDatabase15getInstanceSizeEv
                0x0800a070        0x4 TouchGFX/build/STM32F746-DISCO/TouchGFX/generated/texts/src/TypedTextDatabase.o
                0x0800a070                TypedTextDatabase::getInstanceSize()
 .text._ZN17TypedTextDatabase8getFontsEv
                0x0800a074        0x8 TouchGFX/build/STM32F746-DISCO/TouchGFX/generated/texts/src/TypedTextDatabase.o
                0x0800a074                TypedTextDatabase::getFonts()
 .text.startup._GLOBAL__sub_I__ZN17TypedTextDatabase11getInstanceEt
                0x0800a07c       0x1c TouchGFX/build/STM32F746-DISCO/TouchGFX/generated/texts/src/TypedTextDatabase.o
 .text._ZN8touchgfx5Texts11setLanguageEt
                0x0800a098       0x44 TouchGFX/build/STM32F746-DISCO/TouchGFX/generated/texts/src/Texts.o
                0x0800a098                touchgfx::Texts::setLanguage(unsigned short)
 .text.startup._GLOBAL__sub_I__ZN8touchgfx4Font22getStringWidthFunctionE
                0x0800a0dc       0x10 TouchGFX/build/STM32F746-DISCO/TouchGFX/generated/texts/src/Texts.o
 .text._ZL12IdleTaskHookPv
                0x0800a0ec       0x18 TouchGFX/build/STM32F746-DISCO/touchgfx/os/OSWrappers.o
 .text._ZN8touchgfx10OSWrappers10initializeEv
                0x0800a104       0x34 TouchGFX/build/STM32F746-DISCO/touchgfx/os/OSWrappers.o
                0x0800a104                touchgfx::OSWrappers::initialize()
 .text._ZN8touchgfx10OSWrappers24takeFrameBufferSemaphoreEv
                0x0800a138       0x14 TouchGFX/build/STM32F746-DISCO/touchgfx/os/OSWrappers.o
                0x0800a138                touchgfx::OSWrappers::takeFrameBufferSemaphore()
 .text._ZN8touchgfx10OSWrappers24giveFrameBufferSemaphoreEv
                0x0800a14c       0x14 TouchGFX/build/STM32F746-DISCO/touchgfx/os/OSWrappers.o
                0x0800a14c                touchgfx::OSWrappers::giveFrameBufferSemaphore()
 .text._ZN8touchgfx10OSWrappers27tryTakeFrameBufferSemaphoreEv
                0x0800a160       0x14 TouchGFX/build/STM32F746-DISCO/touchgfx/os/OSWrappers.o
                0x0800a160                touchgfx::OSWrappers::tryTakeFrameBufferSemaphore()
 .text._ZN8touchgfx10OSWrappers31giveFrameBufferSemaphoreFromISREv
                0x0800a174       0x34 TouchGFX/build/STM32F746-DISCO/touchgfx/os/OSWrappers.o
                0x0800a174                touchgfx::OSWrappers::giveFrameBufferSemaphoreFromISR()
 .text._ZN8touchgfx10OSWrappers11signalVSyncEv
                0x0800a1a8       0x3c TouchGFX/build/STM32F746-DISCO/touchgfx/os/OSWrappers.o
                0x0800a1a8                touchgfx::OSWrappers::signalVSync()
 .text._ZN8touchgfx10OSWrappers12waitForVSyncEv
                0x0800a1e4       0x2c TouchGFX/build/STM32F746-DISCO/touchgfx/os/OSWrappers.o
                0x0800a1e4                touchgfx::OSWrappers::waitForVSync()
 .text.vApplicationStackOverflowHook
                0x0800a210        0x2 TouchGFX/build/STM32F746-DISCO/touchgfx/os/OSWrappers.o
                0x0800a210                vApplicationStackOverflowHook
 .text.vApplicationMallocFailedHook
                0x0800a212        0x2 TouchGFX/build/STM32F746-DISCO/touchgfx/os/OSWrappers.o
                0x0800a212                vApplicationMallocFailedHook
 .text.vApplicationIdleHook
                0x0800a214        0xc TouchGFX/build/STM32F746-DISCO/touchgfx/os/OSWrappers.o
                0x0800a214                vApplicationIdleHook
 .text._Z16StartDefaultTaskPKv
                0x0800a220       0x12 TouchGFX/build/STM32F746-DISCO/Core/Src/main.o
                0x0800a220                StartDefaultTask(void const*)
 *fill*         0x0800a232        0x2 
 .text.SystemClock_Config
                0x0800a234       0xe4 TouchGFX/build/STM32F746-DISCO/Core/Src/main.o
                0x0800a234                SystemClock_Config
 .text.startup.main
                0x0800a318      0x7e8 TouchGFX/build/STM32F746-DISCO/Core/Src/main.o
                0x0800a318                main
 .text._Z10cli_printfPKcz
                0x0800ab00       0x38 TouchGFX/build/STM32F746-DISCO/Core/Src/main.o
                0x0800ab00                cli_printf(char const*, ...)
 .text._Z12StartLEDTaskPKv
                0x0800ab38       0x58 TouchGFX/build/STM32F746-DISCO/Core/Src/main.o
                0x0800ab38                StartLEDTask(void const*)
 .text._Z15StartButtonTaskPKv
                0x0800ab90       0x50 TouchGFX/build/STM32F746-DISCO/Core/Src/main.o
                0x0800ab90                StartButtonTask(void const*)
 .text._Z11StartSDTaskPKv
                0x0800abe0      0x148 TouchGFX/build/STM32F746-DISCO/Core/Src/main.o
                0x0800abe0                StartSDTask(void const*)
 .text.HAL_TIM_PeriodElapsedCallback
                0x0800ad28       0x14 TouchGFX/build/STM32F746-DISCO/Core/Src/main.o
                0x0800ad28                HAL_TIM_PeriodElapsedCallback
 .text.Error_Handler
                0x0800ad3c        0x2 TouchGFX/build/STM32F746-DISCO/Core/Src/main.o
                0x0800ad3c                Error_Handler
 .text._ZN8touchgfx18MCUInstrumentation13getCCConsumedEv
                0x0800ad3e        0x4 TouchGFX/build/STM32F746-DISCO/TouchGFX/target/STM32F7Instrumentation.o
                0x0800ad3e                touchgfx::MCUInstrumentation::getCCConsumed()
 .text._ZN8touchgfx18MCUInstrumentation13setCCConsumedEm
                0x0800ad42        0x4 TouchGFX/build/STM32F746-DISCO/TouchGFX/target/STM32F7Instrumentation.o
                0x0800ad42                touchgfx::MCUInstrumentation::setCCConsumed(unsigned long)
 .text._ZN8touchgfx22STM32F7Instrumentation12getElapsedUSEjjj
                0x0800ad46        0xc TouchGFX/build/STM32F746-DISCO/TouchGFX/target/STM32F7Instrumentation.o
                0x0800ad46                touchgfx::STM32F7Instrumentation::getElapsedUS(unsigned int, unsigned int, unsigned int)
 *fill*         0x0800ad52        0x2 
 .text._ZN8touchgfx22STM32F7Instrumentation12getCPUCyclesEv
                0x0800ad54       0x10 TouchGFX/build/STM32F746-DISCO/TouchGFX/target/STM32F7Instrumentation.o
                0x0800ad54                touchgfx::STM32F7Instrumentation::getCPUCycles()
 .text._ZN8touchgfx22STM32F7InstrumentationD2Ev
                0x0800ad64        0x2 TouchGFX/build/STM32F746-DISCO/TouchGFX/target/STM32F7Instrumentation.o
                0x0800ad64                touchgfx::STM32F7Instrumentation::~STM32F7Instrumentation()
                0x0800ad64                touchgfx::STM32F7Instrumentation::~STM32F7Instrumentation()
 *fill*         0x0800ad66        0x2 
 .text._ZN8touchgfx22STM32F7Instrumentation4initEv
                0x0800ad68       0x88 TouchGFX/build/STM32F746-DISCO/TouchGFX/target/STM32F7Instrumentation.o
                0x0800ad68                touchgfx::STM32F7Instrumentation::init()
 .text._ZN8touchgfx22STM32F7InstrumentationD0Ev
                0x0800adf0        0xe TouchGFX/build/STM32F746-DISCO/TouchGFX/target/STM32F7Instrumentation.o
                0x0800adf0                touchgfx::STM32F7Instrumentation::~STM32F7Instrumentation()
 .text._ZN8touchgfx22STM32F7Instrumentation12setMCUActiveEb
                0x0800adfe       0x1e TouchGFX/build/STM32F746-DISCO/TouchGFX/target/STM32F7Instrumentation.o
                0x0800adfe                touchgfx::STM32F7Instrumentation::setMCUActive(bool)
 .text._ZN8touchgfx22STM32F7TouchControllerD2Ev
                0x0800ae1c        0x2 TouchGFX/build/STM32F746-DISCO/TouchGFX/target/STM32F7TouchController.o
                0x0800ae1c                touchgfx::STM32F7TouchController::~STM32F7TouchController()
                0x0800ae1c                touchgfx::STM32F7TouchController::~STM32F7TouchController()
 .text._ZN8touchgfx22STM32F7TouchController4initEv
                0x0800ae1e       0x18 TouchGFX/build/STM32F746-DISCO/TouchGFX/target/STM32F7TouchController.o
                0x0800ae1e                touchgfx::STM32F7TouchController::init()
 .text._ZN8touchgfx22STM32F7TouchController11sampleTouchERlS1_
                0x0800ae36       0x30 TouchGFX/build/STM32F746-DISCO/TouchGFX/target/STM32F7TouchController.o
                0x0800ae36                touchgfx::STM32F7TouchController::sampleTouch(long&, long&)
 .text._ZN8touchgfx22STM32F7TouchControllerD0Ev
                0x0800ae66        0xe TouchGFX/build/STM32F746-DISCO/TouchGFX/target/STM32F7TouchController.o
                0x0800ae66                touchgfx::STM32F7TouchController::~STM32F7TouchController()
 .text._ZN8touchgfx13DMA_Interface5flushEv
                0x0800ae74        0x6 TouchGFX/build/STM32F746-DISCO/TouchGFX/target/STM32F7DMA.o
                0x0800ae74                touchgfx::DMA_Interface::flush()
 .text._ZN10STM32F7DMA18signalDMAInterruptEv
                0x0800ae7a        0x6 TouchGFX/build/STM32F746-DISCO/TouchGFX/target/STM32F7DMA.o
                0x0800ae7a                STM32F7DMA::signalDMAInterrupt()
 .text.DMA2D_XferErrorCallback
                0x0800ae80        0x2 TouchGFX/build/STM32F746-DISCO/TouchGFX/target/STM32F7DMA.o
 *fill*         0x0800ae82        0x2 
 .text._ZN10STM32F7DMA11getBlitCapsEv
                0x0800ae84       0x14 TouchGFX/build/STM32F746-DISCO/TouchGFX/target/STM32F7DMA.o
                0x0800ae84                STM32F7DMA::getBlitCaps()
 .text._ZN10STM32F7DMA5startEv
                0x0800ae98        0x4 TouchGFX/build/STM32F746-DISCO/TouchGFX/target/STM32F7DMA.o
                0x0800ae98                STM32F7DMA::start()
 .text._ZN10STM32F7DMAD2Ev
                0x0800ae9c       0x28 TouchGFX/build/STM32F746-DISCO/TouchGFX/target/STM32F7DMA.o
                0x0800ae9c                STM32F7DMA::~STM32F7DMA()
                0x0800ae9c                STM32F7DMA::~STM32F7DMA()
 .text._ZN10STM32F7DMAD0Ev
                0x0800aec4       0x16 TouchGFX/build/STM32F746-DISCO/TouchGFX/target/STM32F7DMA.o
                0x0800aec4                STM32F7DMA::~STM32F7DMA()
 *fill*         0x0800aeda        0x2 
 .text._ZN10STM32F7DMA10initializeEv
                0x0800aedc       0x34 TouchGFX/build/STM32F746-DISCO/TouchGFX/target/STM32F7DMA.o
                0x0800aedc                STM32F7DMA::initialize()
 .text.DMA2D_XferCpltCallback
                0x0800af10       0x10 TouchGFX/build/STM32F746-DISCO/TouchGFX/target/STM32F7DMA.o
 .text._ZN10STM32F7DMA13setupDataCopyERKN8touchgfx6BlitOpE
                0x0800af20      0x1b0 TouchGFX/build/STM32F746-DISCO/TouchGFX/target/STM32F7DMA.o
                0x0800af20                STM32F7DMA::setupDataCopy(touchgfx::BlitOp const&)
 .text._ZN10STM32F7DMA13setupDataFillERKN8touchgfx6BlitOpE
                0x0800b0d0      0x114 TouchGFX/build/STM32F746-DISCO/TouchGFX/target/STM32F7DMA.o
                0x0800b0d0                STM32F7DMA::setupDataFill(touchgfx::BlitOp const&)
 .text._ZN10STM32F7DMAC2Ev
                0x0800b1e4       0x34 TouchGFX/build/STM32F746-DISCO/TouchGFX/target/STM32F7DMA.o
                0x0800b1e4                STM32F7DMA::STM32F7DMA()
                0x0800b1e4                STM32F7DMA::STM32F7DMA()
 .text._ZN8touchgfx3HAL21setDisplayOrientationENS_18DisplayOrientationE
                0x0800b218        0xc TouchGFX/build/STM32F746-DISCO/TouchGFX/target/STM32F7HAL.o
                0x0800b218                touchgfx::HAL::setDisplayOrientation(touchgfx::DisplayOrientation)
 .text._ZN8touchgfx3HAL11getBlitCapsEv
                0x0800b224        0x8 TouchGFX/build/STM32F746-DISCO/TouchGFX/target/STM32F7HAL.o
                0x0800b224                touchgfx::HAL::getBlitCaps()
 .text._ZN8touchgfx3HAL9sampleKeyERh
                0x0800b22c        0x4 TouchGFX/build/STM32F746-DISCO/TouchGFX/target/STM32F7HAL.o
                0x0800b22c                touchgfx::HAL::sampleKey(unsigned char&)
 .text._ZN8touchgfx3HAL9taskDelayEt
                0x0800b230        0xa TouchGFX/build/STM32F746-DISCO/TouchGFX/target/STM32F7HAL.o
                0x0800b230                touchgfx::HAL::taskDelay(unsigned short)
 *fill*         0x0800b23a        0x2 
 .text._ZNK10STM32F7HAL17getTFTFrameBufferEv
                0x0800b23c        0xc TouchGFX/build/STM32F746-DISCO/TouchGFX/target/STM32F7HAL.o
                0x0800b23c                STM32F7HAL::getTFTFrameBuffer() const
 .text._ZN10STM32F7HAL17setTFTFrameBufferEPt
                0x0800b248       0x10 TouchGFX/build/STM32F746-DISCO/TouchGFX/target/STM32F7HAL.o
                0x0800b248                STM32F7HAL::setTFTFrameBuffer(unsigned short*)
 .text._ZN10STM32F7HAL17getTFTCurrentLineEv
                0x0800b258       0x20 TouchGFX/build/STM32F746-DISCO/TouchGFX/target/STM32F7HAL.o
                0x0800b258                STM32F7HAL::getTFTCurrentLine()
 .text._ZN10STM32F7HAL19configureInterruptsEv
                0x0800b278       0x14 TouchGFX/build/STM32F746-DISCO/TouchGFX/target/STM32F7HAL.o
                0x0800b278                STM32F7HAL::configureInterrupts()
 .text._ZN10STM32F7HAL17disableInterruptsEv
                0x0800b28c       0x20 TouchGFX/build/STM32F746-DISCO/TouchGFX/target/STM32F7HAL.o
                0x0800b28c                STM32F7HAL::disableInterrupts()
 .text._ZN10STM32F7HAL16enableInterruptsEv
                0x0800b2ac       0x1c TouchGFX/build/STM32F746-DISCO/TouchGFX/target/STM32F7HAL.o
                0x0800b2ac                STM32F7HAL::enableInterrupts()
 .text._ZN10STM32F7HALD2Ev
                0x0800b2c8        0x2 TouchGFX/build/STM32F746-DISCO/TouchGFX/target/STM32F7HAL.o
                0x0800b2c8                STM32F7HAL::~STM32F7HAL()
                0x0800b2c8                STM32F7HAL::~STM32F7HAL()
 *fill*         0x0800b2ca        0x2 
 .text._ZN10STM32F7HAL28enableLCDControllerInterruptEv
                0x0800b2cc       0x44 TouchGFX/build/STM32F746-DISCO/TouchGFX/target/STM32F7HAL.o
                0x0800b2cc                STM32F7HAL::enableLCDControllerInterrupt()
 .text._ZN10STM32F7HAL16flushFrameBufferERKN8touchgfx4RectE
                0x0800b310        0x4 TouchGFX/build/STM32F746-DISCO/TouchGFX/target/STM32F7HAL.o
                0x0800b310                STM32F7HAL::flushFrameBuffer(touchgfx::Rect const&)
 .text._ZN8touchgfx3HAL15backPorchExitedEv
                0x0800b314       0x16 TouchGFX/build/STM32F746-DISCO/TouchGFX/target/STM32F7HAL.o
                0x0800b314                touchgfx::HAL::backPorchExited()
 *fill*         0x0800b32a        0x2 
 .text._ZN8touchgfx3HAL28setFrameBufferStartAddressesEPvS1_S1_
                0x0800b32c       0x44 TouchGFX/build/STM32F746-DISCO/TouchGFX/target/STM32F7HAL.o
                0x0800b32c                touchgfx::HAL::setFrameBufferStartAddresses(void*, void*, void*)
 .text._ZN8touchgfx3HAL26setFrameBufferStartAddressEPvtbb
                0x0800b370       0x84 TouchGFX/build/STM32F746-DISCO/TouchGFX/target/STM32F7HAL.o
                0x0800b370                touchgfx::HAL::setFrameBufferStartAddress(void*, unsigned short, bool, bool)
 .text._ZN10STM32F7HAL16flushFrameBufferEv
                0x0800b3f4        0x4 TouchGFX/build/STM32F746-DISCO/TouchGFX/target/STM32F7HAL.o
                0x0800b3f4                STM32F7HAL::flushFrameBuffer()
 .text._ZN10STM32F7HALD0Ev
                0x0800b3f8        0xe TouchGFX/build/STM32F746-DISCO/TouchGFX/target/STM32F7HAL.o
                0x0800b3f8                STM32F7HAL::~STM32F7HAL()
 *fill*         0x0800b406        0x2 
 .text._ZN8touchgfx3HAL31performDisplayOrientationChangeEv
                0x0800b408       0x60 TouchGFX/build/STM32F746-DISCO/TouchGFX/target/STM32F7HAL.o
                0x0800b408                touchgfx::HAL::performDisplayOrientationChange()
 .text.HAL_LTDC_LineEventCallback
                0x0800b468       0x60 TouchGFX/build/STM32F746-DISCO/TouchGFX/target/STM32F7HAL.o
                0x0800b468                HAL_LTDC_LineEventCallback
 .text._ZN8touchgfx4GPIO4initEv
                0x0800b4c8        0x2 TouchGFX/build/STM32F746-DISCO/TouchGFX/target/GPIO.o
                0x0800b4c8                touchgfx::GPIO::init()
 .text._ZN8touchgfx4GPIO3setENS0_7GPIO_IDE
                0x0800b4ca        0x2 TouchGFX/build/STM32F746-DISCO/TouchGFX/target/GPIO.o
                0x0800b4ca                touchgfx::GPIO::set(touchgfx::GPIO::GPIO_ID)
 .text._ZN8touchgfx4GPIO5clearENS0_7GPIO_IDE
                0x0800b4cc        0x2 TouchGFX/build/STM32F746-DISCO/TouchGFX/target/GPIO.o
                0x0800b4cc                touchgfx::GPIO::clear(touchgfx::GPIO::GPIO_ID)
 .text._ZN8touchgfx4GPIO6toggleENS0_7GPIO_IDE
                0x0800b4ce        0x2 TouchGFX/build/STM32F746-DISCO/TouchGFX/target/GPIO.o
                0x0800b4ce                touchgfx::GPIO::toggle(touchgfx::GPIO::GPIO_ID)
 .text._Z11MX_LCD_Initv
                0x0800b4d0       0xbc TouchGFX/build/STM32F746-DISCO/TouchGFX/target/HW_Init.o
                0x0800b4d0                MX_LCD_Init()
 .text._Z11MX_FMC_Initv
                0x0800b58c       0x60 TouchGFX/build/STM32F746-DISCO/TouchGFX/target/HW_Init.o
                0x0800b58c                MX_FMC_Init()
 .text._Z15MX_SDRAM_InitExv
                0x0800b5ec       0x98 TouchGFX/build/STM32F746-DISCO/TouchGFX/target/HW_Init.o
                0x0800b5ec                MX_SDRAM_InitEx()
 .text.HAL_LTDC_MspInit
                0x0800b684       0xc0 TouchGFX/build/STM32F746-DISCO/TouchGFX/target/HW_Init.o
                0x0800b684                HAL_LTDC_MspInit
 .text.HAL_LTDC_MspDeInit
                0x0800b744       0x6c TouchGFX/build/STM32F746-DISCO/TouchGFX/target/HW_Init.o
                0x0800b744                HAL_LTDC_MspDeInit
 .text.HAL_SDRAM_MspInit
                0x0800b7b0       0xd0 TouchGFX/build/STM32F746-DISCO/TouchGFX/target/HW_Init.o
                0x0800b7b0                HAL_SDRAM_MspInit
 .text.HAL_DMA2D_MspInit
                0x0800b880       0x3c TouchGFX/build/STM32F746-DISCO/TouchGFX/target/HW_Init.o
                0x0800b880                HAL_DMA2D_MspInit
 .text.HAL_DMA2D_MspDeInit
                0x0800b8bc       0x24 TouchGFX/build/STM32F746-DISCO/TouchGFX/target/HW_Init.o
                0x0800b8bc                HAL_DMA2D_MspDeInit
 .text._ZN8touchgfx8LCD24bppD2Ev
                0x0800b8e0        0x2 TouchGFX/build/STM32F746-DISCO/TouchGFX/target/BoardConfiguration.o
                0x0800b8e0                touchgfx::LCD24bpp::~LCD24bpp()
                0x0800b8e0                touchgfx::LCD24bpp::~LCD24bpp()
 .text._ZNK8touchgfx9PartitionINS_4meta8TypeListINS_12NoTransitionENS2_INS1_3NilES4_EEEELt1EE8capacityEv
                0x0800b8e2        0x4 TouchGFX/build/STM32F746-DISCO/TouchGFX/target/BoardConfiguration.o
                0x0800b8e2                touchgfx::Partition<touchgfx::meta::TypeList<touchgfx::NoTransition, touchgfx::meta::TypeList<touchgfx::meta::Nil, touchgfx::meta::Nil> >, (unsigned short)1>::capacity() const
 .text._ZN8touchgfx9PartitionINS_4meta8TypeListINS_12NoTransitionENS2_INS1_3NilES4_EEEELt1EE12element_sizeEv
                0x0800b8e6        0x4 TouchGFX/build/STM32F746-DISCO/TouchGFX/target/BoardConfiguration.o
                0x0800b8e6                touchgfx::Partition<touchgfx::meta::TypeList<touchgfx::NoTransition, touchgfx::meta::TypeList<touchgfx::meta::Nil, touchgfx::meta::Nil> >, (unsigned short)1>::element_size()
 .text._ZN8touchgfx9PartitionINS_4meta8TypeListINS_12NoTransitionENS2_INS1_3NilES4_EEEELt1EE7elementEt
                0x0800b8ea        0xa TouchGFX/build/STM32F746-DISCO/TouchGFX/target/BoardConfiguration.o
                0x0800b8ea                touchgfx::Partition<touchgfx::meta::TypeList<touchgfx::NoTransition, touchgfx::meta::TypeList<touchgfx::meta::Nil, touchgfx::meta::Nil> >, (unsigned short)1>::element(unsigned short)
 .text._ZNK8touchgfx9PartitionINS_4meta8TypeListINS_12NoTransitionENS2_INS1_3NilES4_EEEELt1EE7elementEt
                0x0800b8f4        0xa TouchGFX/build/STM32F746-DISCO/TouchGFX/target/BoardConfiguration.o
                0x0800b8f4                touchgfx::Partition<touchgfx::meta::TypeList<touchgfx::NoTransition, touchgfx::meta::TypeList<touchgfx::meta::Nil, touchgfx::meta::Nil> >, (unsigned short)1>::element(unsigned short) const
 .text._ZNK8touchgfx9PartitionINS_4meta8TypeListI8MainViewNS2_INS1_3NilES4_EEEELt1EE8capacityEv
                0x0800b8fe        0x4 TouchGFX/build/STM32F746-DISCO/TouchGFX/target/BoardConfiguration.o
                0x0800b8fe                touchgfx::Partition<touchgfx::meta::TypeList<MainView, touchgfx::meta::TypeList<touchgfx::meta::Nil, touchgfx::meta::Nil> >, (unsigned short)1>::capacity() const
 .text._ZN8touchgfx9PartitionINS_4meta8TypeListI8MainViewNS2_INS1_3NilES4_EEEELt1EE12element_sizeEv
                0x0800b902        0x6 TouchGFX/build/STM32F746-DISCO/TouchGFX/target/BoardConfiguration.o
                0x0800b902                touchgfx::Partition<touchgfx::meta::TypeList<MainView, touchgfx::meta::TypeList<touchgfx::meta::Nil, touchgfx::meta::Nil> >, (unsigned short)1>::element_size()
 .text._ZN8touchgfx9PartitionINS_4meta8TypeListI8MainViewNS2_INS1_3NilES4_EEEELt1EE7elementEt
                0x0800b908        0xc TouchGFX/build/STM32F746-DISCO/TouchGFX/target/BoardConfiguration.o
                0x0800b908                touchgfx::Partition<touchgfx::meta::TypeList<MainView, touchgfx::meta::TypeList<touchgfx::meta::Nil, touchgfx::meta::Nil> >, (unsigned short)1>::element(unsigned short)
 .text._ZNK8touchgfx9PartitionINS_4meta8TypeListI8MainViewNS2_INS1_3NilES4_EEEELt1EE7elementEt
                0x0800b914        0xc TouchGFX/build/STM32F746-DISCO/TouchGFX/target/BoardConfiguration.o
                0x0800b914                touchgfx::Partition<touchgfx::meta::TypeList<MainView, touchgfx::meta::TypeList<touchgfx::meta::Nil, touchgfx::meta::Nil> >, (unsigned short)1>::element(unsigned short) const
 .text._ZNK8touchgfx9PartitionINS_4meta8TypeListI13MainPresenterNS2_INS1_3NilES4_EEEELt1EE8capacityEv
                0x0800b920        0x4 TouchGFX/build/STM32F746-DISCO/TouchGFX/target/BoardConfiguration.o
                0x0800b920                touchgfx::Partition<touchgfx::meta::TypeList<MainPresenter, touchgfx::meta::TypeList<touchgfx::meta::Nil, touchgfx::meta::Nil> >, (unsigned short)1>::capacity() const
 .text._ZN8touchgfx9PartitionINS_4meta8TypeListI13MainPresenterNS2_INS1_3NilES4_EEEELt1EE12element_sizeEv
                0x0800b924        0x4 TouchGFX/build/STM32F746-DISCO/TouchGFX/target/BoardConfiguration.o
                0x0800b924                touchgfx::Partition<touchgfx::meta::TypeList<MainPresenter, touchgfx::meta::TypeList<touchgfx::meta::Nil, touchgfx::meta::Nil> >, (unsigned short)1>::element_size()
 .text._ZN8touchgfx9PartitionINS_4meta8TypeListI13MainPresenterNS2_INS1_3NilES4_EEEELt1EE7elementEt
                0x0800b928        0x8 TouchGFX/build/STM32F746-DISCO/TouchGFX/target/BoardConfiguration.o
                0x0800b928                touchgfx::Partition<touchgfx::meta::TypeList<MainPresenter, touchgfx::meta::TypeList<touchgfx::meta::Nil, touchgfx::meta::Nil> >, (unsigned short)1>::element(unsigned short)
 .text._ZNK8touchgfx9PartitionINS_4meta8TypeListI13MainPresenterNS2_INS1_3NilES4_EEEELt1EE7elementEt
                0x0800b930        0x8 TouchGFX/build/STM32F746-DISCO/TouchGFX/target/BoardConfiguration.o
                0x0800b930                touchgfx::Partition<touchgfx::meta::TypeList<MainPresenter, touchgfx::meta::TypeList<touchgfx::meta::Nil, touchgfx::meta::Nil> >, (unsigned short)1>::element(unsigned short) const
 .text._ZN16FrontendHeapBase15gotoStartScreenER19FrontendApplication
                0x0800b938        0x6 TouchGFX/build/STM32F746-DISCO/TouchGFX/target/BoardConfiguration.o
                0x0800b938                FrontendHeapBase::gotoStartScreen(FrontendApplication&)
 *fill*         0x0800b93e        0x2 
 .text._ZN8touchgfx9PartitionINS_4meta8TypeListINS_12NoTransitionENS2_INS1_3NilES4_EEEELt1EED2Ev
                0x0800b940       0x14 TouchGFX/build/STM32F746-DISCO/TouchGFX/target/BoardConfiguration.o
                0x0800b940                touchgfx::Partition<touchgfx::meta::TypeList<touchgfx::NoTransition, touchgfx::meta::TypeList<touchgfx::meta::Nil, touchgfx::meta::Nil> >, (unsigned short)1>::~Partition()
                0x0800b940                touchgfx::Partition<touchgfx::meta::TypeList<touchgfx::NoTransition, touchgfx::meta::TypeList<touchgfx::meta::Nil, touchgfx::meta::Nil> >, (unsigned short)1>::~Partition()
 .text._ZN8touchgfx9PartitionINS_4meta8TypeListINS_12NoTransitionENS2_INS1_3NilES4_EEEELt1EED0Ev
                0x0800b954       0x14 TouchGFX/build/STM32F746-DISCO/TouchGFX/target/BoardConfiguration.o
                0x0800b954                touchgfx::Partition<touchgfx::meta::TypeList<touchgfx::NoTransition, touchgfx::meta::TypeList<touchgfx::meta::Nil, touchgfx::meta::Nil> >, (unsigned short)1>::~Partition()
 .text._ZN8touchgfx9PartitionINS_4meta8TypeListI8MainViewNS2_INS1_3NilES4_EEEELt1EED2Ev
                0x0800b968       0x14 TouchGFX/build/STM32F746-DISCO/TouchGFX/target/BoardConfiguration.o
                0x0800b968                touchgfx::Partition<touchgfx::meta::TypeList<MainView, touchgfx::meta::TypeList<touchgfx::meta::Nil, touchgfx::meta::Nil> >, (unsigned short)1>::~Partition()
                0x0800b968                touchgfx::Partition<touchgfx::meta::TypeList<MainView, touchgfx::meta::TypeList<touchgfx::meta::Nil, touchgfx::meta::Nil> >, (unsigned short)1>::~Partition()
 .text._ZN8touchgfx9PartitionINS_4meta8TypeListI8MainViewNS2_INS1_3NilES4_EEEELt1EED0Ev
                0x0800b97c       0x16 TouchGFX/build/STM32F746-DISCO/TouchGFX/target/BoardConfiguration.o
                0x0800b97c                touchgfx::Partition<touchgfx::meta::TypeList<MainView, touchgfx::meta::TypeList<touchgfx::meta::Nil, touchgfx::meta::Nil> >, (unsigned short)1>::~Partition()
 *fill*         0x0800b992        0x2 
 .text._ZN8touchgfx9PartitionINS_4meta8TypeListI13MainPresenterNS2_INS1_3NilES4_EEEELt1EED2Ev
                0x0800b994       0x14 TouchGFX/build/STM32F746-DISCO/TouchGFX/target/BoardConfiguration.o
                0x0800b994                touchgfx::Partition<touchgfx::meta::TypeList<MainPresenter, touchgfx::meta::TypeList<touchgfx::meta::Nil, touchgfx::meta::Nil> >, (unsigned short)1>::~Partition()
                0x0800b994                touchgfx::Partition<touchgfx::meta::TypeList<MainPresenter, touchgfx::meta::TypeList<touchgfx::meta::Nil, touchgfx::meta::Nil> >, (unsigned short)1>::~Partition()
 .text._ZN8touchgfx9PartitionINS_4meta8TypeListI13MainPresenterNS2_INS1_3NilES4_EEEELt1EED0Ev
                0x0800b9a8       0x14 TouchGFX/build/STM32F746-DISCO/TouchGFX/target/BoardConfiguration.o
                0x0800b9a8                touchgfx::Partition<touchgfx::meta::TypeList<MainPresenter, touchgfx::meta::TypeList<touchgfx::meta::Nil, touchgfx::meta::Nil> >, (unsigned short)1>::~Partition()
 .text._ZN12FrontendHeapD2Ev
                0x0800b9bc       0x28 TouchGFX/build/STM32F746-DISCO/TouchGFX/target/BoardConfiguration.o
                0x0800b9bc                FrontendHeap::~FrontendHeap()
                0x0800b9bc                FrontendHeap::~FrontendHeap()
 .text._ZN12FrontendHeapD0Ev
                0x0800b9e4       0x16 TouchGFX/build/STM32F746-DISCO/TouchGFX/target/BoardConfiguration.o
                0x0800b9e4                FrontendHeap::~FrontendHeap()
 .text._ZN8touchgfx8LCD24bppD0Ev
                0x0800b9fa        0xe TouchGFX/build/STM32F746-DISCO/TouchGFX/target/BoardConfiguration.o
                0x0800b9fa                touchgfx::LCD24bpp::~LCD24bpp()
 .text.LCD_GetXSize
                0x0800ba08        0x6 TouchGFX/build/STM32F746-DISCO/TouchGFX/target/BoardConfiguration.o
                0x0800ba08                LCD_GetXSize
 .text.LCD_GetYSize
                0x0800ba0e        0x6 TouchGFX/build/STM32F746-DISCO/TouchGFX/target/BoardConfiguration.o
                0x0800ba0e                LCD_GetYSize
 .text._Z16GRAPHICS_HW_Initv
                0x0800ba14       0x1e TouchGFX/build/STM32F746-DISCO/TouchGFX/target/BoardConfiguration.o
                0x0800ba14                GRAPHICS_HW_Init()
 *fill*         0x0800ba32        0x2 
 .text._Z17GRAPHICS_MainTaskv
                0x0800ba34       0x10 TouchGFX/build/STM32F746-DISCO/TouchGFX/target/BoardConfiguration.o
                0x0800ba34                GRAPHICS_MainTask()
 .text._ZN8touchgfx21touchgfx_generic_initI10STM32F7HALEERNS_3HALERNS_13DMA_InterfaceERNS_3LCDERNS_15TouchControllerEssPtmm
                0x0800ba44      0x1e0 TouchGFX/build/STM32F746-DISCO/TouchGFX/target/BoardConfiguration.o
                0x0800ba44                touchgfx::HAL& touchgfx::touchgfx_generic_init<STM32F7HAL>(touchgfx::DMA_Interface&, touchgfx::LCD&, touchgfx::TouchController&, short, short, unsigned short*, unsigned long, unsigned long)
 .text._ZN8touchgfx13touchgfx_initEv
                0x0800bc24       0x68 TouchGFX/build/STM32F746-DISCO/TouchGFX/target/BoardConfiguration.o
                0x0800bc24                touchgfx::touchgfx_init()